------------------------------------------------------------
TimeQuest Timing Analyzer Summary
------------------------------------------------------------

Type  : Slow Model Setup 'clk'
Slack : -77.168
TNS   : -3719.375

Type  : Slow Model Setup 'Controller:c0|X_Y_add_signal'
Slack : -46.045
TNS   : -2664.046

Type  : Slow Model Setup 'Datapath:t0|FilterAngle:fil0|fadder:fa5|i_m[10]'
Slack : -37.435
TNS   : -634.269

Type  : Slow Model Setup 'Datapath:t0|FilterAngle:fil0|fadder:fa2|i_m[10]'
Slack : -37.344
TNS   : -636.417

Type  : Slow Model Setup 'Datapath:t0|FilterAngle:fil0|fadder:fa5|i_m[12]'
Slack : -37.038
TNS   : -691.931

Type  : Slow Model Setup 'Datapath:t0|FilterAngle:fil0|fadder:fa2|i_m[12]'
Slack : -36.893
TNS   : -689.212

Type  : Slow Model Setup 'Datapath:t0|FilterAngle:fil0|fadder:fa5|i_m[11]'
Slack : -36.259
TNS   : -644.430

Type  : Slow Model Setup 'Datapath:t0|FilterAngle:fil0|fadder:fa2|i_m[11]'
Slack : -36.169
TNS   : -647.282

Type  : Slow Model Setup 'Datapath:t0|FilterAngle:fil0|fadder:fa5|i_m[13]'
Slack : -35.813
TNS   : -697.860

Type  : Slow Model Setup 'Datapath:t0|FilterAngle:fil0|fadder:fa5|i_m[16]'
Slack : -35.393
TNS   : -768.618

Type  : Slow Model Setup 'Datapath:t0|FilterAngle:fil0|fadder:fa2|i_m[16]'
Slack : -34.636
TNS   : -751.786

Type  : Slow Model Setup 'Datapath:t0|FilterAngle:fil0|fadder:fa5|i_m[19]'
Slack : -34.203
TNS   : -818.835

Type  : Slow Model Setup 'Datapath:t0|FilterAngle:fil0|fadder:fa2|i_m[13]'
Slack : -34.134
TNS   : -660.337

Type  : Slow Model Setup 'Datapath:t0|FilterAngle:fil0|fadder:fa5|i_m[22]'
Slack : -33.873
TNS   : -882.441

Type  : Slow Model Setup 'Datapath:t0|FilterAngle:fil0|fadder:fa5|i_m[21]'
Slack : -33.752
TNS   : -855.056

Type  : Slow Model Setup 'Datapath:t0|FilterAngle:fil0|fadder:fa2|i_m[19]'
Slack : -32.967
TNS   : -790.978

Type  : Slow Model Setup 'Datapath:t0|FilterAngle:fil0|fadder:fa2|i_m[21]'
Slack : -32.630
TNS   : -821.317

Type  : Slow Model Setup 'Datapath:t0|FilterAngle:fil0|fadder:fa2|i_m[22]'
Slack : -31.829
TNS   : -821.415

Type  : Slow Model Setup 'Datapath:t0|fadder:fa1|i_m[10]'
Slack : -31.212
TNS   : -573.071

Type  : Slow Model Setup 'Datapath:t0|fadder:fa0|i_m[10]'
Slack : -30.294
TNS   : -538.621

Type  : Slow Model Setup 'Datapath:t0|fadder:fa1|i_m[11]'
Slack : -30.111
TNS   : -575.792

Type  : Slow Model Setup 'Datapath:t0|fadder:fa1|i_m[14]'
Slack : -29.448
TNS   : -635.763

Type  : Slow Model Setup 'Datapath:t0|fadder:fa1|i_m[12]'
Slack : -29.296
TNS   : -586.422

Type  : Slow Model Setup 'Datapath:t0|fadder:fa0|i_m[13]'
Slack : -29.025
TNS   : -575.743

Type  : Slow Model Setup 'Datapath:t0|fadder:fa0|i_m[12]'
Slack : -28.807
TNS   : -555.330

Type  : Slow Model Setup 'Datapath:t0|fadder:fa1|i_m[17]'
Slack : -28.624
TNS   : -677.488

Type  : Slow Model Setup 'Datapath:t0|fadder:fa1|i_m[16]'
Slack : -28.349
TNS   : -651.055

Type  : Slow Model Setup 'Datapath:t0|fadder:fa1|i_m[15]'
Slack : -28.278
TNS   : -629.619

Type  : Slow Model Setup 'Datapath:t0|FilterAngle:fil0|fadder:fa4|i_m[10]'
Slack : -28.259
TNS   : -479.594

Type  : Slow Model Setup 'Datapath:t0|fadder:fa1|i_m[18]'
Slack : -28.056
TNS   : -679.927

Type  : Slow Model Setup 'Datapath:t0|fadder:fa0|i_m[17]'
Slack : -27.971
TNS   : -618.632

Type  : Slow Model Setup 'Datapath:t0|fadder:fa0|i_m[21]'
Slack : -27.683
TNS   : -669.555

Type  : Slow Model Setup 'Datapath:t0|fadder:fa0|i_m[19]'
Slack : -27.536
TNS   : -638.242

Type  : Slow Model Setup 'Datapath:t0|FilterAngle:fil0|fadder:fa3|i_m[10]'
Slack : -27.504
TNS   : -447.176

Type  : Slow Model Setup 'Datapath:t0|FilterAngle:fil0|fadder:fa4|i_m[12]'
Slack : -27.410
TNS   : -507.445

Type  : Slow Model Setup 'Datapath:t0|fadder:fa0|i_m[16]'
Slack : -27.363
TNS   : -586.156

Type  : Slow Model Setup 'Datapath:t0|FilterAngle:fil0|fadder:fa4|i_m[11]'
Slack : -27.292
TNS   : -476.980

Type  : Slow Model Setup 'Datapath:t0|FilterAngle:fil0|fadder:fa4|i_m[13]'
Slack : -27.023
TNS   : -514.089

Type  : Slow Model Setup 'Datapath:t0|fadder:fa0|i_m[22]'
Slack : -27.017
TNS   : -669.875

Type  : Slow Model Setup 'Datapath:t0|fadder:fa1|i_m[21]'
Slack : -26.909
TNS   : -697.092

Type  : Slow Model Setup 'Datapath:t0|fadder:fa1|i_m[22]'
Slack : -26.693
TNS   : -705.971

Type  : Slow Model Setup 'Datapath:t0|fadder:fa0|i_m[20]'
Slack : -26.679
TNS   : -629.767

Type  : Slow Model Setup 'Datapath:t0|FilterAngle:fil0|fadder:fa4|i_m[16]'
Slack : -25.952
TNS   : -548.297

Type  : Slow Model Setup 'Datapath:t0|FilterAngle:fil0|fadder:fa3|i_m[12]'
Slack : -25.910
TNS   : -465.322

Type  : Slow Model Setup 'Datapath:t0|FilterAngle:fil0|fadder:fa3|i_m[15]'
Slack : -25.344
TNS   : -520.712

Type  : Slow Model Setup 'Datapath:t0|FilterAngle:fil0|fadder:fa0|i_m[10]'
Slack : -24.862
TNS   : -353.047

Type  : Slow Model Setup 'Datapath:t0|FilterAngle:fil0|fadder:fa1|i_m[10]'
Slack : -24.754
TNS   : -425.799

Type  : Slow Model Setup 'Datapath:t0|FilterAngle:fil0|fadder:fa3|i_m[18]'
Slack : -24.466
TNS   : -563.573

Type  : Slow Model Setup 'Datapath:t0|FilterAngle:fil0|fadder:fa0|i_m[11]'
Slack : -24.361
TNS   : -367.746

Type  : Slow Model Setup 'Datapath:t0|FilterAngle:fil0|fadder:fa4|i_m[22]'
Slack : -24.145
TNS   : -586.052

Type  : Slow Model Setup 'Datapath:t0|FilterAngle:fil0|fadder:fa3|i_m[22]'
Slack : -23.781
TNS   : -624.117

Type  : Slow Model Setup 'Datapath:t0|FilterAngle:fil0|fadder:fa4|i_m[21]'
Slack : -23.697
TNS   : -564.354

Type  : Slow Model Setup 'Datapath:t0|FilterAngle:fil0|fadder:fa3|i_m[21]'
Slack : -23.677
TNS   : -602.288

Type  : Slow Model Setup 'Datapath:t0|FilterAngle:fil0|fadder:fa1|i_m[12]'
Slack : -23.597
TNS   : -446.700

Type  : Slow Model Setup 'Datapath:t0|fadder:fa0|o_exponent[0]'
Slack : -23.587
TNS   : -1273.222

Type  : Slow Model Setup 'Datapath:t0|FilterAngle:fil0|fadder:fa0|i_m[14]'
Slack : -23.454
TNS   : -398.825

Type  : Slow Model Setup 'Datapath:t0|FilterAngle:fil0|fadder:fa0|i_m[12]'
Slack : -23.252
TNS   : -358.278

Type  : Slow Model Setup 'Datapath:t0|FilterAngle:fil0|fadder:fa0|i_m[13]'
Slack : -23.207
TNS   : -379.587

Type  : Slow Model Setup 'Datapath:t0|FilterAngle:fil0|fadder:fa4|i_m[19]'
Slack : -23.180
TNS   : -530.715

Type  : Slow Model Setup 'Datapath:t0|FilterAngle:fil0|fadder:fa0|i_m[16]'
Slack : -23.175
TNS   : -424.660

Type  : Slow Model Setup 'Datapath:t0|FilterAngle:fil0|fadder:fa0|i_m[15]'
Slack : -23.143
TNS   : -405.921

Type  : Slow Model Setup 'Datapath:t0|FilterAngle:fil0|fadder:fa0|i_m[17]'
Slack : -23.071
TNS   : -441.018

Type  : Slow Model Setup 'Datapath:t0|FilterAngle:fil0|fadder:fa0|i_m[19]'
Slack : -22.612
TNS   : -473.309

Type  : Slow Model Setup 'Datapath:t0|FilterAngle:fil0|fadder:fa0|i_m[20]'
Slack : -22.551
TNS   : -486.997

Type  : Slow Model Setup 'Datapath:t0|FilterAngle:fil0|fadder:fa1|i_m[15]'
Slack : -22.428
TNS   : -489.827

Type  : Slow Model Setup 'Datapath:t0|FilterAngle:fil0|fadder:fa0|i_m[18]'
Slack : -22.177
TNS   : -445.723

Type  : Slow Model Setup 'Datapath:t0|FilterAngle:fil0|fadder:fa1|i_m[18]'
Slack : -21.967
TNS   : -535.971

Type  : Slow Model Setup 'Datapath:t0|FilterAngle:fil0|fadder:fa1|i_m[22]'
Slack : -21.227
TNS   : -589.373

Type  : Slow Model Setup 'Datapath:t0|i[0]'
Slack : -21.162
TNS   : -1155.074

Type  : Slow Model Setup 'Datapath:t0|FilterAngle:fil0|fadder:fa0|i_m[21]'
Slack : -20.752
TNS   : -452.246

Type  : Slow Model Setup 'Datapath:t0|FilterAngle:fil0|fadder:fa1|i_m[21]'
Slack : -20.706
TNS   : -557.658

Type  : Slow Model Setup 'Datapath:t0|FilterAngle:fil0|fadder:fa0|i_m[22]'
Slack : -20.575
TNS   : -455.601

Type  : Slow Model Setup 'angle[0]'
Slack : -16.588
TNS   : -1619.920

Type  : Slow Model Hold 'Controller:c0|X_Y_add_signal'
Slack : -23.445
TNS   : -1255.779

Type  : Slow Model Hold 'Datapath:t0|i[0]'
Slack : -20.571
TNS   : -1031.333

Type  : Slow Model Hold 'angle[0]'
Slack : -17.223
TNS   : -1136.057

Type  : Slow Model Hold 'Datapath:t0|FilterAngle:fil0|fadder:fa4|i_m[19]'
Slack : -17.056
TNS   : -364.132

Type  : Slow Model Hold 'Datapath:t0|FilterAngle:fil0|fadder:fa4|i_m[21]'
Slack : -16.539
TNS   : -373.041

Type  : Slow Model Hold 'Datapath:t0|FilterAngle:fil0|fadder:fa4|i_m[22]'
Slack : -16.091
TNS   : -361.555

Type  : Slow Model Hold 'Datapath:t0|FilterAngle:fil0|fadder:fa2|i_m[22]'
Slack : -15.263
TNS   : -341.228

Type  : Slow Model Hold 'Datapath:t0|fadder:fa0|i_m[20]'
Slack : -15.111
TNS   : -357.195

Type  : Slow Model Hold 'Datapath:t0|fadder:fa0|i_m[22]'
Slack : -14.773
TNS   : -359.071

Type  : Slow Model Hold 'Datapath:t0|FilterAngle:fil0|fadder:fa2|i_m[21]'
Slack : -14.462
TNS   : -318.659

Type  : Slow Model Hold 'Datapath:t0|fadder:fa0|i_m[19]'
Slack : -14.254
TNS   : -322.189

Type  : Slow Model Hold 'Datapath:t0|FilterAngle:fil0|fadder:fa4|i_m[16]'
Slack : -14.244
TNS   : -263.835

Type  : Slow Model Hold 'Datapath:t0|fadder:fa0|i_m[21]'
Slack : -14.146
TNS   : -341.279

Type  : Slow Model Hold 'Datapath:t0|FilterAngle:fil0|fadder:fa2|i_m[19]'
Slack : -14.125
TNS   : -290.280

Type  : Slow Model Hold 'Datapath:t0|FilterAngle:fil0|fadder:fa2|i_m[13]'
Slack : -13.922
TNS   : -231.491

Type  : Slow Model Hold 'Datapath:t0|fadder:fa0|i_m[16]'
Slack : -13.859
TNS   : -286.398

Type  : Slow Model Hold 'Datapath:t0|FilterAngle:fil0|fadder:fa5|i_m[21]'
Slack : -13.574
TNS   : -320.904

Type  : Slow Model Hold 'Datapath:t0|fadder:fa0|i_m[17]'
Slack : -13.443
TNS   : -283.657

Type  : Slow Model Hold 'Datapath:t0|FilterAngle:fil0|fadder:fa4|i_m[13]'
Slack : -13.433
TNS   : -216.807

Type  : Slow Model Hold 'Datapath:t0|FilterAngle:fil0|fadder:fa5|i_m[22]'
Slack : -13.359
TNS   : -315.469

Type  : Slow Model Hold 'Datapath:t0|FilterAngle:fil0|fadder:fa5|i_m[19]'
Slack : -12.681
TNS   : -282.232

Type  : Slow Model Hold 'Datapath:t0|FilterAngle:fil0|fadder:fa2|i_m[16]'
Slack : -12.557
TNS   : -226.746

Type  : Slow Model Hold 'Datapath:t0|FilterAngle:fil0|fadder:fa4|i_m[12]'
Slack : -11.570
TNS   : -170.555

Type  : Slow Model Hold 'Datapath:t0|FilterAngle:fil0|fadder:fa5|i_m[16]'
Slack : -11.546
TNS   : -230.255

Type  : Slow Model Hold 'Datapath:t0|fadder:fa0|i_m[13]'
Slack : -11.532
TNS   : -204.675

Type  : Slow Model Hold 'Datapath:t0|fadder:fa0|i_m[12]'
Slack : -11.458
TNS   : -164.255

Type  : Slow Model Hold 'Datapath:t0|FilterAngle:fil0|fadder:fa4|i_m[11]'
Slack : -11.435
TNS   : -164.190

Type  : Slow Model Hold 'Datapath:t0|fadder:fa1|i_m[22]'
Slack : -11.200
TNS   : -288.139

Type  : Slow Model Hold 'Datapath:t0|fadder:fa1|i_m[21]'
Slack : -10.984
TNS   : -279.977

Type  : Slow Model Hold 'Datapath:t0|FilterAngle:fil0|fadder:fa2|i_m[12]'
Slack : -10.830
TNS   : -158.360

Type  : Slow Model Hold 'Datapath:t0|FilterAngle:fil0|fadder:fa4|i_m[10]'
Slack : -10.654
TNS   : -139.303

Type  : Slow Model Hold 'Datapath:t0|FilterAngle:fil0|fadder:fa0|i_m[22]'
Slack : -10.148
TNS   : -206.674

Type  : Slow Model Hold 'Datapath:t0|FilterAngle:fil0|fadder:fa0|i_m[21]'
Slack : -9.971
TNS   : -200.540

Type  : Slow Model Hold 'Datapath:t0|fadder:fa1|i_m[18]'
Slack : -9.837
TNS   : -224.378

Type  : Slow Model Hold 'Datapath:t0|FilterAngle:fil0|fadder:fa2|i_m[11]'
Slack : -9.618
TNS   : -133.792

Type  : Slow Model Hold 'Datapath:t0|fadder:fa1|i_m[15]'
Slack : -9.468
TNS   : -190.988

Type  : Slow Model Hold 'Datapath:t0|FilterAngle:fil0|fadder:fa5|i_m[13]'
Slack : -9.417
TNS   : -160.532

Type  : Slow Model Hold 'Datapath:t0|fadder:fa1|i_m[16]'
Slack : -9.397
TNS   : -196.678

Type  : Slow Model Hold 'Datapath:t0|FilterAngle:fil0|fadder:fa2|i_m[10]'
Slack : -9.267
TNS   : -120.638

Type  : Slow Model Hold 'Datapath:t0|fadder:fa1|i_m[17]'
Slack : -9.122
TNS   : -196.954

Type  : Slow Model Hold 'Datapath:t0|FilterAngle:fil0|fadder:fa0|i_m[18]'
Slack : -9.116
TNS   : -164.672

Type  : Slow Model Hold 'Datapath:t0|FilterAngle:fil0|fadder:fa1|i_m[21]'
Slack : -8.923
TNS   : -136.054

Type  : Slow Model Hold 'Datapath:t0|FilterAngle:fil0|fadder:fa5|i_m[11]'
Slack : -8.886
TNS   : -130.214

Type  : Slow Model Hold 'Datapath:t0|fadder:fa0|i_m[10]'
Slack : -8.765
TNS   : -124.896

Type  : Slow Model Hold 'Datapath:t0|FilterAngle:fil0|fadder:fa0|i_m[20]'
Slack : -8.759
TNS   : -162.162

Type  : Slow Model Hold 'Datapath:t0|fadder:fa1|i_m[12]'
Slack : -8.450
TNS   : -145.669

Type  : Slow Model Hold 'Datapath:t0|FilterAngle:fil0|fadder:fa0|i_m[19]'
Slack : -8.414
TNS   : -149.912

Type  : Slow Model Hold 'Datapath:t0|FilterAngle:fil0|fadder:fa1|i_m[22]'
Slack : -8.322
TNS   : -121.630

Type  : Slow Model Hold 'Datapath:t0|fadder:fa1|i_m[11]'
Slack : -8.300
TNS   : -125.823

Type  : Slow Model Hold 'Datapath:t0|fadder:fa1|i_m[14]'
Slack : -8.298
TNS   : -156.377

Type  : Slow Model Hold 'Datapath:t0|FilterAngle:fil0|fadder:fa5|i_m[10]'
Slack : -8.221
TNS   : -116.366

Type  : Slow Model Hold 'Datapath:t0|FilterAngle:fil0|fadder:fa0|i_m[16]'
Slack : -7.826
TNS   : -129.673

Type  : Slow Model Hold 'Datapath:t0|FilterAngle:fil0|fadder:fa0|i_m[17]'
Slack : -7.763
TNS   : -131.063

Type  : Slow Model Hold 'Datapath:t0|FilterAngle:fil0|fadder:fa5|i_m[12]'
Slack : -7.708
TNS   : -120.124

Type  : Slow Model Hold 'Datapath:t0|FilterAngle:fil0|fadder:fa3|i_m[21]'
Slack : -7.673
TNS   : -114.083

Type  : Slow Model Hold 'Datapath:t0|FilterAngle:fil0|fadder:fa0|i_m[15]'
Slack : -7.651
TNS   : -124.162

Type  : Slow Model Hold 'Datapath:t0|FilterAngle:fil0|fadder:fa1|i_m[18]'
Slack : -7.582
TNS   : -105.061

Type  : Slow Model Hold 'Datapath:t0|FilterAngle:fil0|fadder:fa3|i_m[22]'
Slack : -7.569
TNS   : -111.587

Type  : Slow Model Hold 'Datapath:t0|fadder:fa1|i_m[10]'
Slack : -7.087
TNS   : -105.457

Type  : Slow Model Hold 'Datapath:t0|FilterAngle:fil0|fadder:fa0|i_m[13]'
Slack : -6.998
TNS   : -101.160

Type  : Slow Model Hold 'Datapath:t0|FilterAngle:fil0|fadder:fa0|i_m[12]'
Slack : -6.953
TNS   : -99.710

Type  : Slow Model Hold 'Datapath:t0|FilterAngle:fil0|fadder:fa3|i_m[18]'
Slack : -6.884
TNS   : -95.443

Type  : Slow Model Hold 'Datapath:t0|FilterAngle:fil0|fadder:fa1|i_m[15]'
Slack : -6.860
TNS   : -86.145

Type  : Slow Model Hold 'Datapath:t0|FilterAngle:fil0|fadder:fa1|i_m[12]'
Slack : -6.806
TNS   : -84.936

Type  : Slow Model Hold 'Datapath:t0|FilterAngle:fil0|fadder:fa0|i_m[14]'
Slack : -6.751
TNS   : -99.028

Type  : Slow Model Hold 'Datapath:t0|FilterAngle:fil0|fadder:fa3|i_m[15]'
Slack : -6.006
TNS   : -74.751

Type  : Slow Model Hold 'Datapath:t0|FilterAngle:fil0|fadder:fa0|i_m[10]'
Slack : -5.695
TNS   : -66.081

Type  : Slow Model Hold 'Datapath:t0|FilterAngle:fil0|fadder:fa0|i_m[11]'
Slack : -5.651
TNS   : -64.357

Type  : Slow Model Hold 'Datapath:t0|fadder:fa0|o_exponent[0]'
Slack : -5.484
TNS   : -80.133

Type  : Slow Model Hold 'Datapath:t0|FilterAngle:fil0|fadder:fa3|i_m[12]'
Slack : -5.045
TNS   : -55.494

Type  : Slow Model Hold 'Datapath:t0|FilterAngle:fil0|fadder:fa1|i_m[10]'
Slack : -3.601
TNS   : -21.746

Type  : Slow Model Hold 'Datapath:t0|FilterAngle:fil0|fadder:fa3|i_m[10]'
Slack : -3.548
TNS   : -25.848

Type  : Slow Model Hold 'clk'
Slack : -3.139
TNS   : -12.381

Type  : Slow Model Recovery 'Controller:c0|X_Y_add_signal'
Slack : -41.836
TNS   : -41.836

Type  : Slow Model Recovery 'Datapath:t0|FilterAngle:fil0|fadder:fa2|i_m[10]'
Slack : -33.707
TNS   : -219.129

Type  : Slow Model Recovery 'Datapath:t0|FilterAngle:fil0|fadder:fa5|i_m[12]'
Slack : -33.516
TNS   : -282.120

Type  : Slow Model Recovery 'Datapath:t0|FilterAngle:fil0|fadder:fa2|i_m[12]'
Slack : -33.256
TNS   : -277.962

Type  : Slow Model Recovery 'Datapath:t0|FilterAngle:fil0|fadder:fa2|i_m[11]'
Slack : -32.532
TNS   : -242.780

Type  : Slow Model Recovery 'Datapath:t0|FilterAngle:fil0|fadder:fa5|i_m[22]'
Slack : -32.154
TNS   : -550.465

Type  : Slow Model Recovery 'Datapath:t0|FilterAngle:fil0|fadder:fa5|i_m[13]'
Slack : -32.080
TNS   : -299.028

Type  : Slow Model Recovery 'Datapath:t0|FilterAngle:fil0|fadder:fa5|i_m[10]'
Slack : -32.013
TNS   : -218.461

Type  : Slow Model Recovery 'Datapath:t0|FilterAngle:fil0|fadder:fa5|i_m[21]'
Slack : -31.939
TNS   : -516.526

Type  : Slow Model Recovery 'Datapath:t0|FilterAngle:fil0|fadder:fa5|i_m[16]'
Slack : -31.685
TNS   : -384.313

Type  : Slow Model Recovery 'Datapath:t0|FilterAngle:fil0|fadder:fa5|i_m[19]'
Slack : -31.422
TNS   : -460.155

Type  : Slow Model Recovery 'Datapath:t0|FilterAngle:fil0|fadder:fa2|i_m[16]'
Slack : -30.999
TNS   : -376.042

Type  : Slow Model Recovery 'Datapath:t0|FilterAngle:fil0|fadder:fa5|i_m[11]'
Slack : -30.955
TNS   : -241.969

Type  : Slow Model Recovery 'Datapath:t0|FilterAngle:fil0|fadder:fa2|i_m[13]'
Slack : -30.497
TNS   : -281.585

Type  : Slow Model Recovery 'Datapath:t0|FilterAngle:fil0|fadder:fa2|i_m[19]'
Slack : -29.846
TNS   : -448.121

Type  : Slow Model Recovery 'Datapath:t0|FilterAngle:fil0|fadder:fa2|i_m[21]'
Slack : -29.438
TNS   : -499.058

Type  : Slow Model Recovery 'Datapath:t0|FilterAngle:fil0|fadder:fa2|i_m[22]'
Slack : -29.249
TNS   : -518.122

Type  : Slow Model Recovery 'Datapath:t0|FilterAngle:fil0|fadder:fa3|i_m[22]'
Slack : -26.397
TNS   : -417.877

Type  : Slow Model Recovery 'Datapath:t0|FilterAngle:fil0|fadder:fa3|i_m[21]'
Slack : -25.982
TNS   : -389.990

Type  : Slow Model Recovery 'Datapath:t0|FilterAngle:fil0|fadder:fa3|i_m[18]'
Slack : -25.427
TNS   : -324.706

Type  : Slow Model Recovery 'Datapath:t0|FilterAngle:fil0|fadder:fa1|i_m[21]'
Slack : -25.368
TNS   : -343.606

Type  : Slow Model Recovery 'Datapath:t0|FilterAngle:fil0|fadder:fa1|i_m[22]'
Slack : -25.221
TNS   : -377.450

Type  : Slow Model Recovery 'Datapath:t0|fadder:fa1|i_m[10]'
Slack : -24.596
TNS   : -165.962

Type  : Slow Model Recovery 'Datapath:t0|FilterAngle:fil0|fadder:fa3|i_m[15]'
Slack : -24.551
TNS   : -261.802

Type  : Slow Model Recovery 'Datapath:t0|fadder:fa1|i_m[11]'
Slack : -24.421
TNS   : -182.351

Type  : Slow Model Recovery 'Datapath:t0|fadder:fa1|i_m[14]'
Slack : -24.102
TNS   : -254.310

Type  : Slow Model Recovery 'Datapath:t0|fadder:fa1|i_m[17]'
Slack : -23.982
TNS   : -317.751

Type  : Slow Model Recovery 'Datapath:t0|FilterAngle:fil0|fadder:fa3|i_m[10]'
Slack : -23.881
TNS   : -159.543

Type  : Slow Model Recovery 'Datapath:t0|FilterAngle:fil0|fadder:fa3|i_m[12]'
Slack : -23.814
TNS   : -193.998

Type  : Slow Model Recovery 'Datapath:t0|fadder:fa1|i_m[16]'
Slack : -23.705
TNS   : -290.770

Type  : Slow Model Recovery 'Datapath:t0|fadder:fa1|i_m[15]'
Slack : -23.647
TNS   : -266.828

Type  : Slow Model Recovery 'Datapath:t0|FilterAngle:fil0|fadder:fa4|i_m[10]'
Slack : -23.465
TNS   : -157.977

Type  : Slow Model Recovery 'Datapath:t0|fadder:fa1|i_m[12]'
Slack : -23.414
TNS   : -203.853

Type  : Slow Model Recovery 'Datapath:t0|fadder:fa1|i_m[18]'
Slack : -23.246
TNS   : -331.480

Type  : Slow Model Recovery 'Datapath:t0|FilterAngle:fil0|fadder:fa4|i_m[12]'
Slack : -22.890
TNS   : -197.056

Type  : Slow Model Recovery 'Datapath:t0|FilterAngle:fil0|fadder:fa1|i_m[18]'
Slack : -22.625
TNS   : -289.573

Type  : Slow Model Recovery 'Datapath:t0|fadder:fa0|i_m[12]'
Slack : -22.533
TNS   : -185.597

Type  : Slow Model Recovery 'Datapath:t0|FilterAngle:fil0|fadder:fa1|i_m[15]'
Slack : -22.482
TNS   : -230.885

Type  : Slow Model Recovery 'Datapath:t0|fadder:fa1|i_m[21]'
Slack : -22.450
TNS   : -379.691

Type  : Slow Model Recovery 'Datapath:t0|fadder:fa0|i_m[10]'
Slack : -22.356
TNS   : -150.477

Type  : Slow Model Recovery 'Datapath:t0|fadder:fa1|i_m[22]'
Slack : -22.178
TNS   : -397.936

Type  : Slow Model Recovery 'Datapath:t0|FilterAngle:fil0|fadder:fa4|i_m[11]'
Slack : -21.932
TNS   : -167.286

Type  : Slow Model Recovery 'Datapath:t0|FilterAngle:fil0|fadder:fa4|i_m[13]'
Slack : -21.903
TNS   : -209.660

Type  : Slow Model Recovery 'Datapath:t0|FilterAngle:fil0|fadder:fa4|i_m[16]'
Slack : -21.895
TNS   : -264.200

Type  : Slow Model Recovery 'Datapath:t0|FilterAngle:fil0|fadder:fa1|i_m[10]'
Slack : -21.646
TNS   : -139.077

Type  : Slow Model Recovery 'Datapath:t0|fadder:fa0|i_m[13]'
Slack : -21.455
TNS   : -204.601

Type  : Slow Model Recovery 'Datapath:t0|FilterAngle:fil0|fadder:fa4|i_m[22]'
Slack : -21.203
TNS   : -368.959

Type  : Slow Model Recovery 'Datapath:t0|FilterAngle:fil0|fadder:fa1|i_m[12]'
Slack : -21.114
TNS   : -172.091

Type  : Slow Model Recovery 'Datapath:t0|FilterAngle:fil0|fadder:fa4|i_m[21]'
Slack : -20.956
TNS   : -342.014

Type  : Slow Model Recovery 'Datapath:t0|fadder:fa0|i_m[19]'
Slack : -20.738
TNS   : -310.382

Type  : Slow Model Recovery 'Datapath:t0|fadder:fa0|i_m[22]'
Slack : -20.736
TNS   : -366.155

Type  : Slow Model Recovery 'Datapath:t0|fadder:fa0|i_m[17]'
Slack : -20.607
TNS   : -275.317

Type  : Slow Model Recovery 'Datapath:t0|fadder:fa0|i_m[21]'
Slack : -20.517
TNS   : -350.557

Type  : Slow Model Recovery 'Datapath:t0|fadder:fa0|i_m[20]'
Slack : -20.309
TNS   : -318.554

Type  : Slow Model Recovery 'Datapath:t0|fadder:fa0|i_m[16]'
Slack : -19.993
TNS   : -246.613

Type  : Slow Model Recovery 'Datapath:t0|FilterAngle:fil0|fadder:fa4|i_m[19]'
Slack : -19.936
TNS   : -295.870

Type  : Slow Model Recovery 'Datapath:t0|fadder:fa0|o_exponent[0]'
Slack : -19.227
TNS   : -19.227

Type  : Slow Model Recovery 'Datapath:t0|i[0]'
Slack : -17.707
TNS   : -17.707

Type  : Slow Model Recovery 'Datapath:t0|FilterAngle:fil0|fadder:fa0|i_m[19]'
Slack : -17.257
TNS   : -227.735

Type  : Slow Model Recovery 'Datapath:t0|FilterAngle:fil0|fadder:fa0|i_m[20]'
Slack : -17.196
TNS   : -242.795

Type  : Slow Model Recovery 'Datapath:t0|FilterAngle:fil0|fadder:fa0|i_m[14]'
Slack : -16.885
TNS   : -148.987

Type  : Slow Model Recovery 'Datapath:t0|FilterAngle:fil0|fadder:fa0|i_m[18]'
Slack : -16.822
TNS   : -204.705

Type  : Slow Model Recovery 'Datapath:t0|FilterAngle:fil0|fadder:fa0|i_m[17]'
Slack : -16.653
TNS   : -190.903

Type  : Slow Model Recovery 'Datapath:t0|FilterAngle:fil0|fadder:fa0|i_m[21]'
Slack : -16.367
TNS   : -230.721

Type  : Slow Model Recovery 'Datapath:t0|FilterAngle:fil0|fadder:fa0|i_m[16]'
Slack : -16.298
TNS   : -174.136

Type  : Slow Model Recovery 'Datapath:t0|FilterAngle:fil0|fadder:fa0|i_m[15]'
Slack : -16.266
TNS   : -156.695

Type  : Slow Model Recovery 'Datapath:t0|FilterAngle:fil0|fadder:fa0|i_m[11]'
Slack : -16.045
TNS   : -114.687

Type  : Slow Model Recovery 'Datapath:t0|FilterAngle:fil0|fadder:fa0|i_m[22]'
Slack : -15.765
TNS   : -240.593

Type  : Slow Model Recovery 'Datapath:t0|FilterAngle:fil0|fadder:fa0|i_m[10]'
Slack : -15.111
TNS   : -96.327

Type  : Slow Model Recovery 'Datapath:t0|FilterAngle:fil0|fadder:fa0|i_m[13]'
Slack : -15.039
TNS   : -134.347

Type  : Slow Model Recovery 'Datapath:t0|FilterAngle:fil0|fadder:fa0|i_m[12]'
Slack : -14.086
TNS   : -114.545

Type  : Slow Model Removal 'Controller:c0|X_Y_add_signal'
Slack : -17.047
TNS   : -17.047

Type  : Slow Model Removal 'Datapath:t0|FilterAngle:fil0|fadder:fa4|i_m[19]'
Slack : -14.740
TNS   : -212.350

Type  : Slow Model Removal 'Datapath:t0|i[0]'
Slack : -14.647
TNS   : -14.647

Type  : Slow Model Removal 'Datapath:t0|FilterAngle:fil0|fadder:fa4|i_m[21]'
Slack : -14.223
TNS   : -227.384

Type  : Slow Model Removal 'Datapath:t0|fadder:fa0|i_m[20]'
Slack : -14.194
TNS   : -204.309

Type  : Slow Model Removal 'Datapath:t0|FilterAngle:fil0|fadder:fa2|i_m[22]'
Slack : -14.014
TNS   : -223.459

Type  : Slow Model Removal 'Datapath:t0|fadder:fa0|i_m[22]'
Slack : -13.856
TNS   : -218.325

Type  : Slow Model Removal 'Datapath:t0|FilterAngle:fil0|fadder:fa4|i_m[22]'
Slack : -13.775
TNS   : -232.882

Type  : Slow Model Removal 'Datapath:t0|FilterAngle:fil0|fadder:fa5|i_m[21]'
Slack : -13.551
TNS   : -202.279

Type  : Slow Model Removal 'Datapath:t0|fadder:fa0|i_m[19]'
Slack : -13.337
TNS   : -180.010

Type  : Slow Model Removal 'Datapath:t0|FilterAngle:fil0|fadder:fa5|i_m[22]'
Slack : -13.336
TNS   : -209.083

Type  : Slow Model Removal 'Datapath:t0|fadder:fa0|i_m[21]'
Slack : -13.229
TNS   : -200.916

Type  : Slow Model Removal 'Datapath:t0|FilterAngle:fil0|fadder:fa2|i_m[21]'
Slack : -13.213
TNS   : -199.005

Type  : Slow Model Removal 'Datapath:t0|fadder:fa0|i_m[16]'
Slack : -12.942
TNS   : -145.686

Type  : Slow Model Removal 'Datapath:t0|FilterAngle:fil0|fadder:fa2|i_m[19]'
Slack : -12.876
TNS   : -173.635

Type  : Slow Model Removal 'Datapath:t0|FilterAngle:fil0|fadder:fa2|i_m[13]'
Slack : -12.673
TNS   : -112.787

Type  : Slow Model Removal 'Datapath:t0|FilterAngle:fil0|fadder:fa5|i_m[19]'
Slack : -12.658
TNS   : -172.578

Type  : Slow Model Removal 'Datapath:t0|fadder:fa0|i_m[17]'
Slack : -12.526
TNS   : -149.785

Type  : Slow Model Removal 'Datapath:t0|fadder:fa0|i_m[12]'
Slack : -12.292
TNS   : -74.236

Type  : Slow Model Removal 'Datapath:t0|FilterAngle:fil0|fadder:fa4|i_m[16]'
Slack : -11.928
TNS   : -139.427

Type  : Slow Model Removal 'Datapath:t0|FilterAngle:fil0|fadder:fa5|i_m[16]'
Slack : -11.523
TNS   : -128.829

Type  : Slow Model Removal 'Datapath:t0|FilterAngle:fil0|fadder:fa2|i_m[16]'
Slack : -11.308
TNS   : -125.200

Type  : Slow Model Removal 'Datapath:t0|FilterAngle:fil0|fadder:fa4|i_m[11]'
Slack : -11.210
TNS   : -69.800

Type  : Slow Model Removal 'Datapath:t0|FilterAngle:fil0|fadder:fa4|i_m[13]'
Slack : -11.117
TNS   : -101.616

Type  : Slow Model Removal 'Datapath:t0|fadder:fa0|i_m[13]'
Slack : -10.615
TNS   : -92.843

Type  : Slow Model Removal 'Datapath:t0|fadder:fa1|i_m[22]'
Slack : -10.435
TNS   : -174.086

Type  : Slow Model Removal 'Datapath:t0|fadder:fa1|i_m[21]'
Slack : -10.219
TNS   : -162.221

Type  : Slow Model Removal 'Datapath:t0|FilterAngle:fil0|fadder:fa2|i_m[12]'
Slack : -9.581
TNS   : -71.905

Type  : Slow Model Removal 'Datapath:t0|FilterAngle:fil0|fadder:fa5|i_m[13]'
Slack : -9.394
TNS   : -79.435

Type  : Slow Model Removal 'Datapath:t0|FilterAngle:fil0|fadder:fa0|i_m[22]'
Slack : -9.287
TNS   : -121.926

Type  : Slow Model Removal 'Datapath:t0|FilterAngle:fil0|fadder:fa4|i_m[12]'
Slack : -9.254
TNS   : -74.214

Type  : Slow Model Removal 'Datapath:t0|FilterAngle:fil0|fadder:fa0|i_m[21]'
Slack : -9.110
TNS   : -110.956

Type  : Slow Model Removal 'Datapath:t0|fadder:fa1|i_m[18]'
Slack : -9.072
TNS   : -120.287

Type  : Slow Model Removal 'Datapath:t0|FilterAngle:fil0|fadder:fa2|i_m[11]'
Slack : -8.854
TNS   : -57.724

Type  : Slow Model Removal 'Datapath:t0|fadder:fa1|i_m[15]'
Slack : -8.379
TNS   : -90.539

Type  : Slow Model Removal 'Datapath:t0|FilterAngle:fil0|fadder:fa4|i_m[10]'
Slack : -8.338
TNS   : -53.123

Type  : Slow Model Removal 'Datapath:t0|fadder:fa1|i_m[16]'
Slack : -8.308
TNS   : -97.223

Type  : Slow Model Removal 'Datapath:t0|FilterAngle:fil0|fadder:fa0|i_m[18]'
Slack : -8.255
TNS   : -82.766

Type  : Slow Model Removal 'Datapath:t0|FilterAngle:fil0|fadder:fa5|i_m[10]'
Slack : -8.198
TNS   : -47.109

Type  : Slow Model Removal 'Datapath:t0|FilterAngle:fil0|fadder:fa5|i_m[11]'
Slack : -8.060
TNS   : -56.358

Type  : Slow Model Removal 'Datapath:t0|fadder:fa1|i_m[17]'
Slack : -8.033
TNS   : -100.874

Type  : Slow Model Removal 'Datapath:t0|FilterAngle:fil0|fadder:fa2|i_m[10]'
Slack : -8.018
TNS   : -46.318

Type  : Slow Model Removal 'Datapath:t0|FilterAngle:fil0|fadder:fa1|i_m[21]'
Slack : -7.914
TNS   : -65.524

Type  : Slow Model Removal 'Datapath:t0|FilterAngle:fil0|fadder:fa0|i_m[20]'
Slack : -7.898
TNS   : -85.172

Type  : Slow Model Removal 'Datapath:t0|fadder:fa1|i_m[11]'
Slack : -7.677
TNS   : -50.439

Type  : Slow Model Removal 'Datapath:t0|FilterAngle:fil0|fadder:fa0|i_m[19]'
Slack : -7.553
TNS   : -76.582

Type  : Slow Model Removal 'Datapath:t0|fadder:fa1|i_m[12]'
Slack : -7.361
TNS   : -59.281

Type  : Slow Model Removal 'Datapath:t0|FilterAngle:fil0|fadder:fa1|i_m[22]'
Slack : -7.313
TNS   : -56.509

Type  : Slow Model Removal 'Datapath:t0|fadder:fa1|i_m[14]'
Slack : -7.306
TNS   : -72.677

Type  : Slow Model Removal 'Datapath:t0|fadder:fa0|i_m[10]'
Slack : -7.305
TNS   : -45.293

Type  : Slow Model Removal 'Datapath:t0|FilterAngle:fil0|fadder:fa5|i_m[12]'
Slack : -7.142
TNS   : -55.577

Type  : Slow Model Removal 'Datapath:t0|FilterAngle:fil0|fadder:fa0|i_m[16]'
Slack : -6.854
TNS   : -60.430

Type  : Slow Model Removal 'Datapath:t0|FilterAngle:fil0|fadder:fa0|i_m[17]'
Slack : -6.791
TNS   : -62.843

Type  : Slow Model Removal 'Datapath:t0|FilterAngle:fil0|fadder:fa0|i_m[15]'
Slack : -6.679
TNS   : -56.737

Type  : Slow Model Removal 'Datapath:t0|FilterAngle:fil0|fadder:fa1|i_m[18]'
Slack : -6.573
TNS   : -46.791

Type  : Slow Model Removal 'Datapath:t0|FilterAngle:fil0|fadder:fa0|i_m[13]'
Slack : -6.435
TNS   : -39.428

Type  : Slow Model Removal 'Datapath:t0|FilterAngle:fil0|fadder:fa0|i_m[12]'
Slack : -6.390
TNS   : -38.682

Type  : Slow Model Removal 'Datapath:t0|FilterAngle:fil0|fadder:fa0|i_m[14]'
Slack : -6.188
TNS   : -40.025

Type  : Slow Model Removal 'Datapath:t0|FilterAngle:fil0|fadder:fa3|i_m[21]'
Slack : -5.982
TNS   : -50.835

Type  : Slow Model Removal 'Datapath:t0|fadder:fa1|i_m[10]'
Slack : -5.916
TNS   : -37.207

Type  : Slow Model Removal 'Datapath:t0|FilterAngle:fil0|fadder:fa3|i_m[22]'
Slack : -5.878
TNS   : -49.379

Type  : Slow Model Removal 'Datapath:t0|FilterAngle:fil0|fadder:fa1|i_m[15]'
Slack : -5.851
TNS   : -36.447

Type  : Slow Model Removal 'Datapath:t0|FilterAngle:fil0|fadder:fa1|i_m[12]'
Slack : -5.797
TNS   : -35.497

Type  : Slow Model Removal 'Datapath:t0|FilterAngle:fil0|fadder:fa0|i_m[11]'
Slack : -5.281
TNS   : -18.888

Type  : Slow Model Removal 'Datapath:t0|FilterAngle:fil0|fadder:fa3|i_m[18]'
Slack : -5.193
TNS   : -40.006

Type  : Slow Model Removal 'Datapath:t0|FilterAngle:fil0|fadder:fa0|i_m[10]'
Slack : -4.780
TNS   : -19.076

Type  : Slow Model Removal 'Datapath:t0|FilterAngle:fil0|fadder:fa3|i_m[15]'
Slack : -4.315
TNS   : -28.786

Type  : Slow Model Removal 'Datapath:t0|FilterAngle:fil0|fadder:fa3|i_m[12]'
Slack : -3.354
TNS   : -19.519

Type  : Slow Model Removal 'Datapath:t0|FilterAngle:fil0|fadder:fa1|i_m[10]'
Slack : -2.091
TNS   : -5.789

Type  : Slow Model Removal 'Datapath:t0|FilterAngle:fil0|fadder:fa3|i_m[10]'
Slack : -1.417
TNS   : -4.137

Type  : Slow Model Removal 'Datapath:t0|fadder:fa0|o_exponent[0]'
Slack : 0.440
TNS   : 0.000

Type  : Slow Model Minimum Pulse Width 'Controller:c0|X_Y_add_signal'
Slack : -17.501
TNS   : -26297.344

Type  : Slow Model Minimum Pulse Width 'angle[0]'
Slack : -13.251
TNS   : -46662.047

Type  : Slow Model Minimum Pulse Width 'Datapath:t0|i[0]'
Slack : -12.515
TNS   : -14552.972

Type  : Slow Model Minimum Pulse Width 'Datapath:t0|fadder:fa0|i_m[21]'
Slack : -6.123
TNS   : -590.800

Type  : Slow Model Minimum Pulse Width 'Datapath:t0|fadder:fa0|i_m[22]'
Slack : -6.084
TNS   : -589.450

Type  : Slow Model Minimum Pulse Width 'Datapath:t0|fadder:fa0|i_m[20]'
Slack : -6.084
TNS   : -589.322

Type  : Slow Model Minimum Pulse Width 'Datapath:t0|fadder:fa0|i_m[19]'
Slack : -6.084
TNS   : -587.690

Type  : Slow Model Minimum Pulse Width 'Datapath:t0|fadder:fa0|i_m[17]'
Slack : -5.708
TNS   : -531.274

Type  : Slow Model Minimum Pulse Width 'Datapath:t0|FilterAngle:fil0|fadder:fa4|i_m[19]'
Slack : -4.530
TNS   : -411.462

Type  : Slow Model Minimum Pulse Width 'Datapath:t0|FilterAngle:fil0|fadder:fa4|i_m[21]'
Slack : -4.530
TNS   : -403.750

Type  : Slow Model Minimum Pulse Width 'Datapath:t0|FilterAngle:fil0|fadder:fa4|i_m[22]'
Slack : -4.530
TNS   : -386.470

Type  : Slow Model Minimum Pulse Width 'Datapath:t0|fadder:fa0|i_m[16]'
Slack : -4.416
TNS   : -354.520

Type  : Slow Model Minimum Pulse Width 'Datapath:t0|FilterAngle:fil0|fadder:fa2|i_m[19]'
Slack : -4.219
TNS   : -339.580

Type  : Slow Model Minimum Pulse Width 'Datapath:t0|FilterAngle:fil0|fadder:fa2|i_m[21]'
Slack : -4.219
TNS   : -339.580

Type  : Slow Model Minimum Pulse Width 'Datapath:t0|FilterAngle:fil0|fadder:fa2|i_m[22]'
Slack : -4.219
TNS   : -339.580

Type  : Slow Model Minimum Pulse Width 'Datapath:t0|FilterAngle:fil0|fadder:fa2|i_m[16]'
Slack : -4.219
TNS   : -329.176

Type  : Slow Model Minimum Pulse Width 'Datapath:t0|FilterAngle:fil0|fadder:fa4|i_m[16]'
Slack : -3.954
TNS   : -294.482

Type  : Slow Model Minimum Pulse Width 'Datapath:t0|FilterAngle:fil0|fadder:fa4|i_m[13]'
Slack : -3.793
TNS   : -276.276

Type  : Slow Model Minimum Pulse Width 'Datapath:t0|FilterAngle:fil0|fadder:fa2|i_m[12]'
Slack : -3.754
TNS   : -261.412

Type  : Slow Model Minimum Pulse Width 'Datapath:t0|FilterAngle:fil0|fadder:fa5|i_m[21]'
Slack : -3.551
TNS   : -383.260

Type  : Slow Model Minimum Pulse Width 'Datapath:t0|FilterAngle:fil0|fadder:fa2|i_m[13]'
Slack : -3.550
TNS   : -249.082

Type  : Slow Model Minimum Pulse Width 'Datapath:t0|FilterAngle:fil0|fadder:fa5|i_m[22]'
Slack : -3.457
TNS   : -371.040

Type  : Slow Model Minimum Pulse Width 'Datapath:t0|FilterAngle:fil0|fadder:fa0|i_m[16]'
Slack : -3.425
TNS   : -219.800

Type  : Slow Model Minimum Pulse Width 'Datapath:t0|FilterAngle:fil0|fadder:fa4|i_m[12]'
Slack : -3.274
TNS   : -214.428

Type  : Slow Model Minimum Pulse Width 'Datapath:t0|FilterAngle:fil0|fadder:fa0|i_m[17]'
Slack : -3.258
TNS   : -202.372

Type  : Slow Model Minimum Pulse Width 'Datapath:t0|FilterAngle:fil0|fadder:fa5|i_m[19]'
Slack : -3.109
TNS   : -326.712

Type  : Slow Model Minimum Pulse Width 'Datapath:t0|FilterAngle:fil0|fadder:fa3|i_m[18]'
Slack : -3.101
TNS   : -182.572

Type  : Slow Model Minimum Pulse Width 'Datapath:t0|FilterAngle:fil0|fadder:fa3|i_m[21]'
Slack : -3.101
TNS   : -182.572

Type  : Slow Model Minimum Pulse Width 'Datapath:t0|FilterAngle:fil0|fadder:fa3|i_m[22]'
Slack : -3.101
TNS   : -182.572

Type  : Slow Model Minimum Pulse Width 'Datapath:t0|FilterAngle:fil0|fadder:fa3|i_m[15]'
Slack : -3.101
TNS   : -170.890

Type  : Slow Model Minimum Pulse Width 'Datapath:t0|FilterAngle:fil0|fadder:fa4|i_m[11]'
Slack : -3.021
TNS   : -190.646

Type  : Slow Model Minimum Pulse Width 'Datapath:t0|fadder:fa0|i_m[13]'
Slack : -2.979
TNS   : -191.086

Type  : Slow Model Minimum Pulse Width 'Datapath:t0|FilterAngle:fil0|fadder:fa0|i_m[18]'
Slack : -2.927
TNS   : -208.640

Type  : Slow Model Minimum Pulse Width 'Datapath:t0|FilterAngle:fil0|fadder:fa0|i_m[19]'
Slack : -2.927
TNS   : -208.640

Type  : Slow Model Minimum Pulse Width 'Datapath:t0|FilterAngle:fil0|fadder:fa0|i_m[20]'
Slack : -2.927
TNS   : -208.640

Type  : Slow Model Minimum Pulse Width 'Datapath:t0|FilterAngle:fil0|fadder:fa0|i_m[21]'
Slack : -2.927
TNS   : -208.640

Type  : Slow Model Minimum Pulse Width 'Datapath:t0|FilterAngle:fil0|fadder:fa0|i_m[22]'
Slack : -2.927
TNS   : -208.640

Type  : Slow Model Minimum Pulse Width 'Datapath:t0|FilterAngle:fil0|fadder:fa0|i_m[15]'
Slack : -2.927
TNS   : -154.076

Type  : Slow Model Minimum Pulse Width 'Datapath:t0|fadder:fa0|i_m[12]'
Slack : -2.791
TNS   : -186.110

Type  : Slow Model Minimum Pulse Width 'Datapath:t0|fadder:fa0|i_m[10]'
Slack : -2.752
TNS   : -171.504

Type  : Slow Model Minimum Pulse Width 'Datapath:t0|FilterAngle:fil0|fadder:fa1|i_m[18]'
Slack : -2.661
TNS   : -263.646

Type  : Slow Model Minimum Pulse Width 'Datapath:t0|FilterAngle:fil0|fadder:fa1|i_m[21]'
Slack : -2.661
TNS   : -263.646

Type  : Slow Model Minimum Pulse Width 'Datapath:t0|FilterAngle:fil0|fadder:fa1|i_m[22]'
Slack : -2.661
TNS   : -263.646

Type  : Slow Model Minimum Pulse Width 'Datapath:t0|FilterAngle:fil0|fadder:fa2|i_m[11]'
Slack : -2.593
TNS   : -160.900

Type  : Slow Model Minimum Pulse Width 'Datapath:t0|FilterAngle:fil0|fadder:fa1|i_m[15]'
Slack : -2.400
TNS   : -226.350

Type  : Slow Model Minimum Pulse Width 'Datapath:t0|FilterAngle:fil0|fadder:fa2|i_m[10]'
Slack : -2.363
TNS   : -140.334

Type  : Slow Model Minimum Pulse Width 'Datapath:t0|FilterAngle:fil0|fadder:fa4|i_m[10]'
Slack : -2.320
TNS   : -152.734

Type  : Slow Model Minimum Pulse Width 'Datapath:t0|FilterAngle:fil0|fadder:fa3|i_m[12]'
Slack : -2.262
TNS   : -87.302

Type  : Slow Model Minimum Pulse Width 'clk'
Slack : -1.941
TNS   : -274.997

Type  : Slow Model Minimum Pulse Width 'Datapath:t0|FilterAngle:fil0|fadder:fa3|i_m[10]'
Slack : -1.926
TNS   : -92.264

Type  : Slow Model Minimum Pulse Width 'Datapath:t0|FilterAngle:fil0|fadder:fa0|i_m[13]'
Slack : -1.917
TNS   : -146.096

Type  : Slow Model Minimum Pulse Width 'Datapath:t0|FilterAngle:fil0|fadder:fa0|i_m[14]'
Slack : -1.917
TNS   : -124.796

Type  : Slow Model Minimum Pulse Width 'Datapath:t0|FilterAngle:fil0|fadder:fa0|i_m[10]'
Slack : -1.917
TNS   : -114.630

Type  : Slow Model Minimum Pulse Width 'Datapath:t0|FilterAngle:fil0|fadder:fa0|i_m[12]'
Slack : -1.917
TNS   : -97.474

Type  : Slow Model Minimum Pulse Width 'Datapath:t0|FilterAngle:fil0|fadder:fa0|i_m[11]'
Slack : -1.917
TNS   : -71.978

Type  : Slow Model Minimum Pulse Width 'Datapath:t0|fadder:fa1|i_m[10]'
Slack : -1.642
TNS   : -125.718

Type  : Slow Model Minimum Pulse Width 'Datapath:t0|FilterAngle:fil0|fadder:fa5|i_m[16]'
Slack : -1.631
TNS   : -137.686

Type  : Slow Model Minimum Pulse Width 'Datapath:t0|FilterAngle:fil0|fadder:fa1|i_m[12]'
Slack : -1.314
TNS   : -98.662

Type  : Slow Model Minimum Pulse Width 'Datapath:t0|FilterAngle:fil0|fadder:fa1|i_m[10]'
Slack : -1.313
TNS   : -76.204

Type  : Slow Model Minimum Pulse Width 'Datapath:t0|fadder:fa1|i_m[11]'
Slack : -1.281
TNS   : -103.378

Type  : Slow Model Minimum Pulse Width 'Datapath:t0|fadder:fa1|i_m[18]'
Slack : -1.240
TNS   : -160.686

Type  : Slow Model Minimum Pulse Width 'Datapath:t0|fadder:fa1|i_m[21]'
Slack : -1.240
TNS   : -160.686

Type  : Slow Model Minimum Pulse Width 'Datapath:t0|fadder:fa1|i_m[22]'
Slack : -1.240
TNS   : -160.686

Type  : Slow Model Minimum Pulse Width 'Datapath:t0|fadder:fa1|i_m[17]'
Slack : -1.240
TNS   : -138.222

Type  : Slow Model Minimum Pulse Width 'Datapath:t0|fadder:fa1|i_m[16]'
Slack : -1.240
TNS   : -138.210

Type  : Slow Model Minimum Pulse Width 'Datapath:t0|fadder:fa1|i_m[15]'
Slack : -1.240
TNS   : -136.698

Type  : Slow Model Minimum Pulse Width 'Datapath:t0|FilterAngle:fil0|fadder:fa5|i_m[13]'
Slack : -1.208
TNS   : -92.848

Type  : Slow Model Minimum Pulse Width 'Datapath:t0|fadder:fa1|i_m[14]'
Slack : -1.202
TNS   : -127.386

Type  : Slow Model Minimum Pulse Width 'Datapath:t0|fadder:fa1|i_m[12]'
Slack : -1.089
TNS   : -105.998

Type  : Slow Model Minimum Pulse Width 'Datapath:t0|FilterAngle:fil0|fadder:fa5|i_m[11]'
Slack : -1.048
TNS   : -78.836

Type  : Slow Model Minimum Pulse Width 'Datapath:t0|FilterAngle:fil0|fadder:fa5|i_m[12]'
Slack : -1.048
TNS   : -74.888

Type  : Slow Model Minimum Pulse Width 'Datapath:t0|FilterAngle:fil0|fadder:fa5|i_m[10]'
Slack : -0.886
TNS   : -36.616

Type  : Slow Model Minimum Pulse Width 'Datapath:t0|fadder:fa0|o_exponent[0]'
Slack : 0.500
TNS   : 0.000

Type  : Fast Model Setup 'clk'
Slack : -21.667
TNS   : -979.129

Type  : Fast Model Setup 'Controller:c0|X_Y_add_signal'
Slack : -12.782
TNS   : -708.100

Type  : Fast Model Setup 'Datapath:t0|FilterAngle:fil0|fadder:fa2|i_m[10]'
Slack : -11.571
TNS   : -191.944

Type  : Fast Model Setup 'Datapath:t0|FilterAngle:fil0|fadder:fa2|i_m[12]'
Slack : -11.465
TNS   : -209.375

Type  : Fast Model Setup 'Datapath:t0|FilterAngle:fil0|fadder:fa5|i_m[10]'
Slack : -11.246
TNS   : -193.561

Type  : Fast Model Setup 'Datapath:t0|FilterAngle:fil0|fadder:fa2|i_m[11]'
Slack : -11.241
TNS   : -196.063

Type  : Fast Model Setup 'Datapath:t0|FilterAngle:fil0|fadder:fa5|i_m[12]'
Slack : -11.134
TNS   : -211.464

Type  : Fast Model Setup 'Datapath:t0|FilterAngle:fil0|fadder:fa5|i_m[11]'
Slack : -10.880
TNS   : -196.830

Type  : Fast Model Setup 'Datapath:t0|FilterAngle:fil0|fadder:fa2|i_m[16]'
Slack : -10.794
TNS   : -229.346

Type  : Fast Model Setup 'Datapath:t0|FilterAngle:fil0|fadder:fa5|i_m[13]'
Slack : -10.744
TNS   : -214.109

Type  : Fast Model Setup 'Datapath:t0|FilterAngle:fil0|fadder:fa5|i_m[16]'
Slack : -10.637
TNS   : -237.087

Type  : Fast Model Setup 'Datapath:t0|FilterAngle:fil0|fadder:fa2|i_m[13]'
Slack : -10.614
TNS   : -200.458

Type  : Fast Model Setup 'Datapath:t0|FilterAngle:fil0|fadder:fa2|i_m[19]'
Slack : -10.298
TNS   : -242.677

Type  : Fast Model Setup 'Datapath:t0|FilterAngle:fil0|fadder:fa5|i_m[19]'
Slack : -10.274
TNS   : -253.041

Type  : Fast Model Setup 'Datapath:t0|FilterAngle:fil0|fadder:fa5|i_m[22]'
Slack : -10.214
TNS   : -273.894

Type  : Fast Model Setup 'Datapath:t0|FilterAngle:fil0|fadder:fa5|i_m[21]'
Slack : -10.190
TNS   : -265.649

Type  : Fast Model Setup 'Datapath:t0|FilterAngle:fil0|fadder:fa2|i_m[21]'
Slack : -10.181
TNS   : -252.349

Type  : Fast Model Setup 'Datapath:t0|FilterAngle:fil0|fadder:fa2|i_m[22]'
Slack : -10.055
TNS   : -252.390

Type  : Fast Model Setup 'Datapath:t0|fadder:fa1|i_m[10]'
Slack : -8.753
TNS   : -163.135

Type  : Fast Model Setup 'Datapath:t0|fadder:fa1|i_m[11]'
Slack : -8.513
TNS   : -165.076

Type  : Fast Model Setup 'Datapath:t0|FilterAngle:fil0|fadder:fa4|i_m[10]'
Slack : -8.487
TNS   : -146.308

Type  : Fast Model Setup 'Datapath:t0|fadder:fa0|i_m[10]'
Slack : -8.413
TNS   : -152.738

Type  : Fast Model Setup 'Datapath:t0|fadder:fa1|i_m[14]'
Slack : -8.272
TNS   : -181.454

Type  : Fast Model Setup 'Datapath:t0|FilterAngle:fil0|fadder:fa4|i_m[12]'
Slack : -8.270
TNS   : -156.067

Type  : Fast Model Setup 'Datapath:t0|FilterAngle:fil0|fadder:fa3|i_m[10]'
Slack : -8.270
TNS   : -136.788

Type  : Fast Model Setup 'Datapath:t0|fadder:fa1|i_m[12]'
Slack : -8.210
TNS   : -167.260

Type  : Fast Model Setup 'Datapath:t0|FilterAngle:fil0|fadder:fa4|i_m[11]'
Slack : -8.200
TNS   : -145.673

Type  : Fast Model Setup 'Datapath:t0|FilterAngle:fil0|fadder:fa4|i_m[13]'
Slack : -8.166
TNS   : -158.708

Type  : Fast Model Setup 'Datapath:t0|fadder:fa0|i_m[13]'
Slack : -8.047
TNS   : -163.710

Type  : Fast Model Setup 'Datapath:t0|fadder:fa1|i_m[17]'
Slack : -8.038
TNS   : -193.372

Type  : Fast Model Setup 'Datapath:t0|fadder:fa1|i_m[16]'
Slack : -7.976
TNS   : -186.537

Type  : Fast Model Setup 'Datapath:t0|fadder:fa0|i_m[12]'
Slack : -7.960
TNS   : -156.768

Type  : Fast Model Setup 'Datapath:t0|fadder:fa1|i_m[15]'
Slack : -7.935
TNS   : -179.682

Type  : Fast Model Setup 'Datapath:t0|fadder:fa1|i_m[18]'
Slack : -7.897
TNS   : -194.916

Type  : Fast Model Setup 'Datapath:t0|FilterAngle:fil0|fadder:fa1|i_m[10]'
Slack : -7.869
TNS   : -136.898

Type  : Fast Model Setup 'Datapath:t0|FilterAngle:fil0|fadder:fa0|i_m[10]'
Slack : -7.863
TNS   : -113.556

Type  : Fast Model Setup 'Datapath:t0|FilterAngle:fil0|fadder:fa4|i_m[16]'
Slack : -7.857
TNS   : -170.114

Type  : Fast Model Setup 'Datapath:t0|FilterAngle:fil0|fadder:fa0|i_m[11]'
Slack : -7.772
TNS   : -119.194

Type  : Fast Model Setup 'Datapath:t0|FilterAngle:fil0|fadder:fa3|i_m[12]'
Slack : -7.738
TNS   : -142.270

Type  : Fast Model Setup 'Datapath:t0|fadder:fa0|i_m[17]'
Slack : -7.725
TNS   : -176.412

Type  : Fast Model Setup 'Datapath:t0|fadder:fa0|i_m[21]'
Slack : -7.672
TNS   : -191.926

Type  : Fast Model Setup 'Datapath:t0|FilterAngle:fil0|fadder:fa3|i_m[15]'
Slack : -7.638
TNS   : -160.995

Type  : Fast Model Setup 'Datapath:t0|fadder:fa0|i_m[19]'
Slack : -7.636
TNS   : -183.130

Type  : Fast Model Setup 'Datapath:t0|fadder:fa1|i_m[21]'
Slack : -7.585
TNS   : -200.171

Type  : Fast Model Setup 'Datapath:t0|fadder:fa0|i_m[16]'
Slack : -7.565
TNS   : -167.316

Type  : Fast Model Setup 'Datapath:t0|FilterAngle:fil0|fadder:fa1|i_m[12]'
Slack : -7.505
TNS   : -144.184

Type  : Fast Model Setup 'Datapath:t0|FilterAngle:fil0|fadder:fa0|i_m[14]'
Slack : -7.488
TNS   : -130.281

Type  : Fast Model Setup 'Datapath:t0|fadder:fa1|i_m[22]'
Slack : -7.472
TNS   : -201.383

Type  : Fast Model Setup 'Datapath:t0|FilterAngle:fil0|fadder:fa3|i_m[18]'
Slack : -7.463
TNS   : -176.746

Type  : Fast Model Setup 'Datapath:t0|fadder:fa0|i_m[22]'
Slack : -7.461
TNS   : -191.561

Type  : Fast Model Setup 'Datapath:t0|FilterAngle:fil0|fadder:fa0|i_m[13]'
Slack : -7.419
TNS   : -124.031

Type  : Fast Model Setup 'Datapath:t0|FilterAngle:fil0|fadder:fa0|i_m[16]'
Slack : -7.412
TNS   : -139.240

Type  : Fast Model Setup 'Datapath:t0|FilterAngle:fil0|fadder:fa0|i_m[12]'
Slack : -7.405
TNS   : -116.726

Type  : Fast Model Setup 'Datapath:t0|FilterAngle:fil0|fadder:fa0|i_m[15]'
Slack : -7.375
TNS   : -132.177

Type  : Fast Model Setup 'Datapath:t0|FilterAngle:fil0|fadder:fa0|i_m[17]'
Slack : -7.366
TNS   : -144.299

Type  : Fast Model Setup 'Datapath:t0|fadder:fa0|i_m[20]'
Slack : -7.335
TNS   : -179.622

Type  : Fast Model Setup 'Datapath:t0|FilterAngle:fil0|fadder:fa4|i_m[22]'
Slack : -7.287
TNS   : -183.081

Type  : Fast Model Setup 'Datapath:t0|FilterAngle:fil0|fadder:fa0|i_m[19]'
Slack : -7.284
TNS   : -155.782

Type  : Fast Model Setup 'Datapath:t0|FilterAngle:fil0|fadder:fa3|i_m[22]'
Slack : -7.238
TNS   : -196.562

Type  : Fast Model Setup 'Datapath:t0|FilterAngle:fil0|fadder:fa0|i_m[20]'
Slack : -7.235
TNS   : -159.810

Type  : Fast Model Setup 'Datapath:t0|FilterAngle:fil0|fadder:fa3|i_m[21]'
Slack : -7.219
TNS   : -189.877

Type  : Fast Model Setup 'Datapath:t0|FilterAngle:fil0|fadder:fa1|i_m[15]'
Slack : -7.196
TNS   : -159.778

Type  : Fast Model Setup 'Datapath:t0|FilterAngle:fil0|fadder:fa0|i_m[18]'
Slack : -7.167
TNS   : -147.341

Type  : Fast Model Setup 'Datapath:t0|FilterAngle:fil0|fadder:fa4|i_m[21]'
Slack : -7.147
TNS   : -176.548

Type  : Fast Model Setup 'Datapath:t0|FilterAngle:fil0|fadder:fa1|i_m[18]'
Slack : -7.058
TNS   : -175.589

Type  : Fast Model Setup 'Datapath:t0|FilterAngle:fil0|fadder:fa4|i_m[19]'
Slack : -7.035
TNS   : -166.600

Type  : Fast Model Setup 'Datapath:t0|FilterAngle:fil0|fadder:fa1|i_m[21]'
Slack : -6.954
TNS   : -184.374

Type  : Fast Model Setup 'Datapath:t0|fadder:fa0|o_exponent[0]'
Slack : -6.851
TNS   : -346.573

Type  : Fast Model Setup 'Datapath:t0|FilterAngle:fil0|fadder:fa1|i_m[22]'
Slack : -6.850
TNS   : -194.728

Type  : Fast Model Setup 'Datapath:t0|FilterAngle:fil0|fadder:fa0|i_m[21]'
Slack : -6.747
TNS   : -151.158

Type  : Fast Model Setup 'Datapath:t0|FilterAngle:fil0|fadder:fa0|i_m[22]'
Slack : -6.692
TNS   : -152.457

Type  : Fast Model Setup 'Datapath:t0|i[0]'
Slack : -6.101
TNS   : -308.168

Type  : Fast Model Setup 'angle[0]'
Slack : -3.630
TNS   : -363.741

Type  : Fast Model Hold 'Controller:c0|X_Y_add_signal'
Slack : -7.437
TNS   : -398.164

Type  : Fast Model Hold 'Datapath:t0|i[0]'
Slack : -6.777
TNS   : -334.319

Type  : Fast Model Hold 'angle[0]'
Slack : -6.144
TNS   : -413.724

Type  : Fast Model Hold 'Datapath:t0|FilterAngle:fil0|fadder:fa4|i_m[19]'
Slack : -5.444
TNS   : -114.709

Type  : Fast Model Hold 'Datapath:t0|FilterAngle:fil0|fadder:fa4|i_m[21]'
Slack : -5.332
TNS   : -118.898

Type  : Fast Model Hold 'Datapath:t0|FilterAngle:fil0|fadder:fa4|i_m[22]'
Slack : -5.192
TNS   : -115.389

Type  : Fast Model Hold 'Datapath:t0|fadder:fa0|i_m[20]'
Slack : -5.027
TNS   : -116.862

Type  : Fast Model Hold 'Datapath:t0|FilterAngle:fil0|fadder:fa2|i_m[22]'
Slack : -5.005
TNS   : -110.270

Type  : Fast Model Hold 'Datapath:t0|fadder:fa0|i_m[22]'
Slack : -4.901
TNS   : -116.866

Type  : Fast Model Hold 'Datapath:t0|FilterAngle:fil0|fadder:fa2|i_m[21]'
Slack : -4.752
TNS   : -103.114

Type  : Fast Model Hold 'Datapath:t0|fadder:fa0|i_m[19]'
Slack : -4.726
TNS   : -104.702

Type  : Fast Model Hold 'Datapath:t0|fadder:fa0|i_m[21]'
Slack : -4.714
TNS   : -111.630

Type  : Fast Model Hold 'Datapath:t0|FilterAngle:fil0|fadder:fa2|i_m[13]'
Slack : -4.646
TNS   : -75.986

Type  : Fast Model Hold 'Datapath:t0|FilterAngle:fil0|fadder:fa2|i_m[19]'
Slack : -4.635
TNS   : -93.789

Type  : Fast Model Hold 'Datapath:t0|fadder:fa0|i_m[16]'
Slack : -4.620
TNS   : -93.678

Type  : Fast Model Hold 'Datapath:t0|FilterAngle:fil0|fadder:fa4|i_m[16]'
Slack : -4.616
TNS   : -84.284

Type  : Fast Model Hold 'Datapath:t0|fadder:fa0|i_m[17]'
Slack : -4.517
TNS   : -93.712

Type  : Fast Model Hold 'Datapath:t0|FilterAngle:fil0|fadder:fa5|i_m[21]'
Slack : -4.446
TNS   : -102.998

Type  : Fast Model Hold 'Datapath:t0|FilterAngle:fil0|fadder:fa4|i_m[13]'
Slack : -4.441
TNS   : -70.653

Type  : Fast Model Hold 'Datapath:t0|FilterAngle:fil0|fadder:fa5|i_m[22]'
Slack : -4.377
TNS   : -101.360

Type  : Fast Model Hold 'Datapath:t0|FilterAngle:fil0|fadder:fa2|i_m[16]'
Slack : -4.202
TNS   : -74.620

Type  : Fast Model Hold 'Datapath:t0|FilterAngle:fil0|fadder:fa5|i_m[19]'
Slack : -4.197
TNS   : -91.488

Type  : Fast Model Hold 'Datapath:t0|fadder:fa0|i_m[12]'
Slack : -3.972
TNS   : -58.053

Type  : Fast Model Hold 'Datapath:t0|FilterAngle:fil0|fadder:fa4|i_m[12]'
Slack : -3.918
TNS   : -57.180

Type  : Fast Model Hold 'Datapath:t0|FilterAngle:fil0|fadder:fa4|i_m[11]'
Slack : -3.906
TNS   : -55.898

Type  : Fast Model Hold 'Datapath:t0|fadder:fa0|i_m[13]'
Slack : -3.898
TNS   : -68.051

Type  : Fast Model Hold 'Datapath:t0|FilterAngle:fil0|fadder:fa5|i_m[16]'
Slack : -3.827
TNS   : -74.469

Type  : Fast Model Hold 'Datapath:t0|fadder:fa1|i_m[22]'
Slack : -3.807
TNS   : -94.806

Type  : Fast Model Hold 'Datapath:t0|FilterAngle:fil0|fadder:fa2|i_m[12]'
Slack : -3.709
TNS   : -53.503

Type  : Fast Model Hold 'Datapath:t0|fadder:fa1|i_m[21]'
Slack : -3.694
TNS   : -91.312

Type  : Fast Model Hold 'Datapath:t0|FilterAngle:fil0|fadder:fa4|i_m[10]'
Slack : -3.634
TNS   : -47.393

Type  : Fast Model Hold 'Datapath:t0|FilterAngle:fil0|fadder:fa2|i_m[11]'
Slack : -3.393
TNS   : -46.955

Type  : Fast Model Hold 'Datapath:t0|fadder:fa1|i_m[18]'
Slack : -3.382
TNS   : -74.581

Type  : Fast Model Hold 'Datapath:t0|fadder:fa1|i_m[15]'
Slack : -3.263
TNS   : -64.159

Type  : Fast Model Hold 'Datapath:t0|FilterAngle:fil0|fadder:fa5|i_m[13]'
Slack : -3.255
TNS   : -54.312

Type  : Fast Model Hold 'Datapath:t0|fadder:fa1|i_m[16]'
Slack : -3.222
TNS   : -65.525

Type  : Fast Model Hold 'Datapath:t0|FilterAngle:fil0|fadder:fa2|i_m[10]'
Slack : -3.204
TNS   : -41.274

Type  : Fast Model Hold 'Datapath:t0|fadder:fa1|i_m[17]'
Slack : -3.160
TNS   : -66.506

Type  : Fast Model Hold 'Datapath:t0|fadder:fa0|i_m[10]'
Slack : -3.140
TNS   : -45.111

Type  : Fast Model Hold 'Datapath:t0|FilterAngle:fil0|fadder:fa0|i_m[22]'
Slack : -2.986
TNS   : -60.699

Type  : Fast Model Hold 'Datapath:t0|FilterAngle:fil0|fadder:fa5|i_m[11]'
Slack : -2.980
TNS   : -44.867

Type  : Fast Model Hold 'Datapath:t0|fadder:fa1|i_m[12]'
Slack : -2.950
TNS   : -49.875

Type  : Fast Model Hold 'Datapath:t0|FilterAngle:fil0|fadder:fa0|i_m[21]'
Slack : -2.931
TNS   : -58.762

Type  : Fast Model Hold 'Datapath:t0|fadder:fa1|i_m[14]'
Slack : -2.930
TNS   : -53.984

Type  : Fast Model Hold 'Datapath:t0|FilterAngle:fil0|fadder:fa5|i_m[10]'
Slack : -2.880
TNS   : -40.118

Type  : Fast Model Hold 'Datapath:t0|fadder:fa1|i_m[11]'
Slack : -2.767
TNS   : -43.406

Type  : Fast Model Hold 'Datapath:t0|FilterAngle:fil0|fadder:fa5|i_m[12]'
Slack : -2.726
TNS   : -42.081

Type  : Fast Model Hold 'Datapath:t0|FilterAngle:fil0|fadder:fa0|i_m[18]'
Slack : -2.671
TNS   : -47.804

Type  : Fast Model Hold 'Datapath:t0|FilterAngle:fil0|fadder:fa1|i_m[21]'
Slack : -2.642
TNS   : -39.919

Type  : Fast Model Hold 'Datapath:t0|FilterAngle:fil0|fadder:fa0|i_m[20]'
Slack : -2.565
TNS   : -47.210

Type  : Fast Model Hold 'Datapath:t0|fadder:fa1|i_m[10]'
Slack : -2.541
TNS   : -37.492

Type  : Fast Model Hold 'Datapath:t0|FilterAngle:fil0|fadder:fa1|i_m[22]'
Slack : -2.457
TNS   : -35.479

Type  : Fast Model Hold 'Datapath:t0|FilterAngle:fil0|fadder:fa0|i_m[19]'
Slack : -2.447
TNS   : -43.200

Type  : Fast Model Hold 'Datapath:t0|FilterAngle:fil0|fadder:fa0|i_m[16]'
Slack : -2.393
TNS   : -39.393

Type  : Fast Model Hold 'Datapath:t0|FilterAngle:fil0|fadder:fa0|i_m[15]'
Slack : -2.365
TNS   : -38.282

Type  : Fast Model Hold 'Datapath:t0|FilterAngle:fil0|fadder:fa0|i_m[17]'
Slack : -2.363
TNS   : -39.548

Type  : Fast Model Hold 'Datapath:t0|FilterAngle:fil0|fadder:fa1|i_m[18]'
Slack : -2.249
TNS   : -30.787

Type  : Fast Model Hold 'Datapath:t0|fadder:fa0|o_exponent[0]'
Slack : -2.242
TNS   : -48.016

Type  : Fast Model Hold 'Datapath:t0|FilterAngle:fil0|fadder:fa3|i_m[21]'
Slack : -2.214
TNS   : -32.159

Type  : Fast Model Hold 'Datapath:t0|FilterAngle:fil0|fadder:fa3|i_m[22]'
Slack : -2.195
TNS   : -31.703

Type  : Fast Model Hold 'Datapath:t0|FilterAngle:fil0|fadder:fa0|i_m[12]'
Slack : -2.098
TNS   : -29.171

Type  : Fast Model Hold 'Datapath:t0|FilterAngle:fil0|fadder:fa0|i_m[13]'
Slack : -2.084
TNS   : -29.128

Type  : Fast Model Hold 'Datapath:t0|FilterAngle:fil0|fadder:fa1|i_m[15]'
Slack : -2.052
TNS   : -25.487

Type  : Fast Model Hold 'Datapath:t0|FilterAngle:fil0|fadder:fa1|i_m[12]'
Slack : -2.038
TNS   : -25.145

Type  : Fast Model Hold 'Datapath:t0|FilterAngle:fil0|fadder:fa3|i_m[18]'
Slack : -2.034
TNS   : -27.932

Type  : Fast Model Hold 'Datapath:t0|FilterAngle:fil0|fadder:fa0|i_m[14]'
Slack : -2.015
TNS   : -28.639

Type  : Fast Model Hold 'Datapath:t0|FilterAngle:fil0|fadder:fa3|i_m[15]'
Slack : -1.787
TNS   : -22.147

Type  : Fast Model Hold 'Datapath:t0|FilterAngle:fil0|fadder:fa0|i_m[11]'
Slack : -1.731
TNS   : -17.633

Type  : Fast Model Hold 'Datapath:t0|FilterAngle:fil0|fadder:fa0|i_m[10]'
Slack : -1.691
TNS   : -18.770

Type  : Fast Model Hold 'clk'
Slack : -1.644
TNS   : -8.101

Type  : Fast Model Hold 'Datapath:t0|FilterAngle:fil0|fadder:fa3|i_m[12]'
Slack : -1.500
TNS   : -16.328

Type  : Fast Model Hold 'Datapath:t0|FilterAngle:fil0|fadder:fa1|i_m[10]'
Slack : -1.060
TNS   : -6.360

Type  : Fast Model Hold 'Datapath:t0|FilterAngle:fil0|fadder:fa3|i_m[10]'
Slack : -1.039
TNS   : -7.342

Type  : Fast Model Recovery 'Controller:c0|X_Y_add_signal'
Slack : -11.667
TNS   : -11.667

Type  : Fast Model Recovery 'Datapath:t0|FilterAngle:fil0|fadder:fa2|i_m[10]'
Slack : -10.611
TNS   : -68.562

Type  : Fast Model Recovery 'Datapath:t0|FilterAngle:fil0|fadder:fa2|i_m[12]'
Slack : -10.505
TNS   : -87.361

Type  : Fast Model Recovery 'Datapath:t0|FilterAngle:fil0|fadder:fa2|i_m[11]'
Slack : -10.281
TNS   : -76.227

Type  : Fast Model Recovery 'Datapath:t0|FilterAngle:fil0|fadder:fa5|i_m[12]'
Slack : -10.271
TNS   : -89.092

Type  : Fast Model Recovery 'Datapath:t0|FilterAngle:fil0|fadder:fa5|i_m[10]'
Slack : -10.176
TNS   : -69.421

Type  : Fast Model Recovery 'Datapath:t0|FilterAngle:fil0|fadder:fa5|i_m[13]'
Slack : -10.134
TNS   : -95.125

Type  : Fast Model Recovery 'Datapath:t0|FilterAngle:fil0|fadder:fa5|i_m[16]'
Slack : -10.027
TNS   : -122.163

Type  : Fast Model Recovery 'Datapath:t0|FilterAngle:fil0|fadder:fa5|i_m[22]'
Slack : -9.943
TNS   : -174.431

Type  : Fast Model Recovery 'Datapath:t0|FilterAngle:fil0|fadder:fa5|i_m[21]'
Slack : -9.874
TNS   : -164.154

Type  : Fast Model Recovery 'Datapath:t0|FilterAngle:fil0|fadder:fa2|i_m[16]'
Slack : -9.834
TNS   : -117.775

Type  : Fast Model Recovery 'Datapath:t0|FilterAngle:fil0|fadder:fa5|i_m[11]'
Slack : -9.809
TNS   : -76.857

Type  : Fast Model Recovery 'Datapath:t0|FilterAngle:fil0|fadder:fa5|i_m[19]'
Slack : -9.687
TNS   : -146.152

Type  : Fast Model Recovery 'Datapath:t0|FilterAngle:fil0|fadder:fa2|i_m[13]'
Slack : -9.654
TNS   : -88.431

Type  : Fast Model Recovery 'Datapath:t0|FilterAngle:fil0|fadder:fa2|i_m[19]'
Slack : -9.348
TNS   : -140.796

Type  : Fast Model Recovery 'Datapath:t0|FilterAngle:fil0|fadder:fa2|i_m[21]'
Slack : -9.229
TNS   : -156.607

Type  : Fast Model Recovery 'Datapath:t0|FilterAngle:fil0|fadder:fa2|i_m[22]'
Slack : -9.135
TNS   : -162.367

Type  : Fast Model Recovery 'Datapath:t0|FilterAngle:fil0|fadder:fa3|i_m[22]'
Slack : -8.278
TNS   : -132.169

Type  : Fast Model Recovery 'Datapath:t0|FilterAngle:fil0|fadder:fa1|i_m[21]'
Slack : -8.157
TNS   : -114.405

Type  : Fast Model Recovery 'Datapath:t0|FilterAngle:fil0|fadder:fa3|i_m[21]'
Slack : -8.135
TNS   : -123.648

Type  : Fast Model Recovery 'Datapath:t0|FilterAngle:fil0|fadder:fa1|i_m[22]'
Slack : -8.127
TNS   : -125.196

Type  : Fast Model Recovery 'Datapath:t0|FilterAngle:fil0|fadder:fa3|i_m[18]'
Slack : -8.036
TNS   : -102.794

Type  : Fast Model Recovery 'Datapath:t0|FilterAngle:fil0|fadder:fa3|i_m[15]'
Slack : -7.718
TNS   : -82.151

Type  : Fast Model Recovery 'Datapath:t0|FilterAngle:fil0|fadder:fa3|i_m[12]'
Slack : -7.577
TNS   : -60.553

Type  : Fast Model Recovery 'Datapath:t0|FilterAngle:fil0|fadder:fa3|i_m[10]'
Slack : -7.520
TNS   : -49.582

Type  : Fast Model Recovery 'Datapath:t0|FilterAngle:fil0|fadder:fa4|i_m[10]'
Slack : -7.513
TNS   : -50.394

Type  : Fast Model Recovery 'Datapath:t0|FilterAngle:fil0|fadder:fa1|i_m[18]'
Slack : -7.391
TNS   : -96.566

Type  : Fast Model Recovery 'Datapath:t0|fadder:fa1|i_m[11]'
Slack : -7.359
TNS   : -54.212

Type  : Fast Model Recovery 'Datapath:t0|fadder:fa1|i_m[10]'
Slack : -7.359
TNS   : -49.344

Type  : Fast Model Recovery 'Datapath:t0|FilterAngle:fil0|fadder:fa1|i_m[15]'
Slack : -7.353
TNS   : -77.163

Type  : Fast Model Recovery 'Datapath:t0|FilterAngle:fil0|fadder:fa4|i_m[12]'
Slack : -7.239
TNS   : -63.071

Type  : Fast Model Recovery 'Datapath:t0|fadder:fa1|i_m[14]'
Slack : -7.118
TNS   : -75.257

Type  : Fast Model Recovery 'Datapath:t0|FilterAngle:fil0|fadder:fa1|i_m[10]'
Slack : -7.077
TNS   : -46.229

Type  : Fast Model Recovery 'Datapath:t0|fadder:fa1|i_m[12]'
Slack : -7.034
TNS   : -60.836

Type  : Fast Model Recovery 'Datapath:t0|FilterAngle:fil0|fadder:fa1|i_m[12]'
Slack : -6.972
TNS   : -57.392

Type  : Fast Model Recovery 'Datapath:t0|FilterAngle:fil0|fadder:fa4|i_m[13]'
Slack : -6.963
TNS   : -67.301

Type  : Fast Model Recovery 'Datapath:t0|FilterAngle:fil0|fadder:fa4|i_m[11]'
Slack : -6.895
TNS   : -53.253

Type  : Fast Model Recovery 'Datapath:t0|fadder:fa1|i_m[17]'
Slack : -6.894
TNS   : -93.440

Type  : Fast Model Recovery 'Datapath:t0|fadder:fa1|i_m[15]'
Slack : -6.848
TNS   : -78.864

Type  : Fast Model Recovery 'Datapath:t0|fadder:fa1|i_m[16]'
Slack : -6.830
TNS   : -86.102

Type  : Fast Model Recovery 'Datapath:t0|fadder:fa0|i_m[10]'
Slack : -6.786
TNS   : -45.288

Type  : Fast Model Recovery 'Datapath:t0|fadder:fa1|i_m[18]'
Slack : -6.775
TNS   : -97.891

Type  : Fast Model Recovery 'Datapath:t0|fadder:fa0|i_m[12]'
Slack : -6.764
TNS   : -55.148

Type  : Fast Model Recovery 'Datapath:t0|FilterAngle:fil0|fadder:fa4|i_m[16]'
Slack : -6.762
TNS   : -84.448

Type  : Fast Model Recovery 'Datapath:t0|FilterAngle:fil0|fadder:fa4|i_m[21]'
Slack : -6.746
TNS   : -109.481

Type  : Fast Model Recovery 'Datapath:t0|FilterAngle:fil0|fadder:fa4|i_m[22]'
Slack : -6.701
TNS   : -117.487

Type  : Fast Model Recovery 'Datapath:t0|fadder:fa1|i_m[21]'
Slack : -6.463
TNS   : -111.666

Type  : Fast Model Recovery 'Datapath:t0|fadder:fa1|i_m[22]'
Slack : -6.448
TNS   : -116.188

Type  : Fast Model Recovery 'Datapath:t0|fadder:fa0|i_m[13]'
Slack : -6.447
TNS   : -61.405

Type  : Fast Model Recovery 'Datapath:t0|FilterAngle:fil0|fadder:fa4|i_m[19]'
Slack : -6.276
TNS   : -95.388

Type  : Fast Model Recovery 'Datapath:t0|fadder:fa0|i_m[17]'
Slack : -6.247
TNS   : -82.566

Type  : Fast Model Recovery 'Datapath:t0|fadder:fa0|i_m[21]'
Slack : -6.188
TNS   : -105.047

Type  : Fast Model Recovery 'Datapath:t0|fadder:fa0|i_m[22]'
Slack : -6.181
TNS   : -109.400

Type  : Fast Model Recovery 'Datapath:t0|fadder:fa0|i_m[19]'
Slack : -6.181
TNS   : -93.463

Type  : Fast Model Recovery 'Datapath:t0|fadder:fa0|i_m[20]'
Slack : -6.090
TNS   : -95.546

Type  : Fast Model Recovery 'Datapath:t0|fadder:fa0|i_m[16]'
Slack : -6.081
TNS   : -74.304

Type  : Fast Model Recovery 'Datapath:t0|fadder:fa0|o_exponent[0]'
Slack : -5.678
TNS   : -5.678

Type  : Fast Model Recovery 'Datapath:t0|FilterAngle:fil0|fadder:fa0|i_m[19]'
Slack : -5.194
TNS   : -70.190

Type  : Fast Model Recovery 'Datapath:t0|FilterAngle:fil0|fadder:fa0|i_m[14]'
Slack : -5.175
TNS   : -46.340

Type  : Fast Model Recovery 'Datapath:t0|i[0]'
Slack : -5.151
TNS   : -5.151

Type  : Fast Model Recovery 'Datapath:t0|FilterAngle:fil0|fadder:fa0|i_m[20]'
Slack : -5.145
TNS   : -74.409

Type  : Fast Model Recovery 'Datapath:t0|FilterAngle:fil0|fadder:fa0|i_m[17]'
Slack : -5.121
TNS   : -59.008

Type  : Fast Model Recovery 'Datapath:t0|FilterAngle:fil0|fadder:fa0|i_m[18]'
Slack : -5.077
TNS   : -63.489

Type  : Fast Model Recovery 'Datapath:t0|FilterAngle:fil0|fadder:fa0|i_m[16]'
Slack : -5.046
TNS   : -54.171

Type  : Fast Model Recovery 'Datapath:t0|FilterAngle:fil0|fadder:fa0|i_m[15]'
Slack : -5.009
TNS   : -48.331

Type  : Fast Model Recovery 'Datapath:t0|FilterAngle:fil0|fadder:fa0|i_m[21]'
Slack : -4.979
TNS   : -71.421

Type  : Fast Model Recovery 'Datapath:t0|FilterAngle:fil0|fadder:fa0|i_m[11]'
Slack : -4.923
TNS   : -35.286

Type  : Fast Model Recovery 'Datapath:t0|FilterAngle:fil0|fadder:fa0|i_m[22]'
Slack : -4.755
TNS   : -74.089

Type  : Fast Model Recovery 'Datapath:t0|FilterAngle:fil0|fadder:fa0|i_m[13]'
Slack : -4.613
TNS   : -41.514

Type  : Fast Model Recovery 'Datapath:t0|FilterAngle:fil0|fadder:fa0|i_m[10]'
Slack : -4.594
TNS   : -29.589

Type  : Fast Model Recovery 'Datapath:t0|FilterAngle:fil0|fadder:fa0|i_m[12]'
Slack : -4.367
TNS   : -35.492

Type  : Fast Model Removal 'Controller:c0|X_Y_add_signal'
Slack : -5.070
TNS   : -5.070

Type  : Fast Model Removal 'Datapath:t0|fadder:fa0|i_m[20]'
Slack : -4.481
TNS   : -64.334

Type  : Fast Model Removal 'Datapath:t0|FilterAngle:fil0|fadder:fa4|i_m[19]'
Slack : -4.461
TNS   : -65.055

Type  : Fast Model Removal 'Datapath:t0|fadder:fa0|i_m[22]'
Slack : -4.355
TNS   : -68.782

Type  : Fast Model Removal 'Datapath:t0|FilterAngle:fil0|fadder:fa4|i_m[21]'
Slack : -4.349
TNS   : -70.536

Type  : Fast Model Removal 'Datapath:t0|i[0]'
Slack : -4.344
TNS   : -4.344

Type  : Fast Model Removal 'Datapath:t0|FilterAngle:fil0|fadder:fa2|i_m[22]'
Slack : -4.229
TNS   : -70.259

Type  : Fast Model Removal 'Datapath:t0|FilterAngle:fil0|fadder:fa4|i_m[22]'
Slack : -4.209
TNS   : -72.469

Type  : Fast Model Removal 'Datapath:t0|fadder:fa0|i_m[12]'
Slack : -4.205
TNS   : -24.103

Type  : Fast Model Removal 'Datapath:t0|fadder:fa0|i_m[19]'
Slack : -4.180
TNS   : -55.982

Type  : Fast Model Removal 'Datapath:t0|fadder:fa0|i_m[21]'
Slack : -4.168
TNS   : -63.134

Type  : Fast Model Removal 'Datapath:t0|FilterAngle:fil0|fadder:fa5|i_m[21]'
Slack : -4.112
TNS   : -62.375

Type  : Fast Model Removal 'Datapath:t0|fadder:fa0|i_m[16]'
Slack : -4.074
TNS   : -45.261

Type  : Fast Model Removal 'Datapath:t0|FilterAngle:fil0|fadder:fa5|i_m[22]'
Slack : -4.043
TNS   : -64.816

Type  : Fast Model Removal 'Datapath:t0|FilterAngle:fil0|fadder:fa2|i_m[21]'
Slack : -3.976
TNS   : -62.375

Type  : Fast Model Removal 'Datapath:t0|fadder:fa0|i_m[17]'
Slack : -3.971
TNS   : -47.044

Type  : Fast Model Removal 'Datapath:t0|FilterAngle:fil0|fadder:fa2|i_m[13]'
Slack : -3.870
TNS   : -35.028

Type  : Fast Model Removal 'Datapath:t0|FilterAngle:fil0|fadder:fa5|i_m[19]'
Slack : -3.863
TNS   : -53.351

Type  : Fast Model Removal 'Datapath:t0|FilterAngle:fil0|fadder:fa2|i_m[19]'
Slack : -3.859
TNS   : -54.150

Type  : Fast Model Removal 'Datapath:t0|FilterAngle:fil0|fadder:fa4|i_m[11]'
Slack : -3.748
TNS   : -21.973

Type  : Fast Model Removal 'Datapath:t0|FilterAngle:fil0|fadder:fa4|i_m[16]'
Slack : -3.633
TNS   : -42.741

Type  : Fast Model Removal 'Datapath:t0|FilterAngle:fil0|fadder:fa5|i_m[16]'
Slack : -3.493
TNS   : -39.154

Type  : Fast Model Removal 'Datapath:t0|FilterAngle:fil0|fadder:fa4|i_m[13]'
Slack : -3.458
TNS   : -31.140

Type  : Fast Model Removal 'Datapath:t0|FilterAngle:fil0|fadder:fa2|i_m[16]'
Slack : -3.426
TNS   : -39.070

Type  : Fast Model Removal 'Datapath:t0|fadder:fa1|i_m[22]'
Slack : -3.416
TNS   : -55.316

Type  : Fast Model Removal 'Datapath:t0|fadder:fa0|i_m[13]'
Slack : -3.352
TNS   : -28.653

Type  : Fast Model Removal 'Datapath:t0|fadder:fa1|i_m[21]'
Slack : -3.303
TNS   : -50.833

Type  : Fast Model Removal 'Datapath:t0|FilterAngle:fil0|fadder:fa4|i_m[12]'
Slack : -2.935
TNS   : -22.936

Type  : Fast Model Removal 'Datapath:t0|FilterAngle:fil0|fadder:fa2|i_m[12]'
Slack : -2.933
TNS   : -22.365

Type  : Fast Model Removal 'Datapath:t0|FilterAngle:fil0|fadder:fa5|i_m[13]'
Slack : -2.921
TNS   : -24.539

Type  : Fast Model Removal 'Datapath:t0|fadder:fa1|i_m[18]'
Slack : -2.893
TNS   : -37.841

Type  : Fast Model Removal 'Datapath:t0|FilterAngle:fil0|fadder:fa2|i_m[11]'
Slack : -2.871
TNS   : -18.422

Type  : Fast Model Removal 'Datapath:t0|FilterAngle:fil0|fadder:fa0|i_m[22]'
Slack : -2.752
TNS   : -36.340

Type  : Fast Model Removal 'Datapath:t0|FilterAngle:fil0|fadder:fa0|i_m[21]'
Slack : -2.697
TNS   : -32.669

Type  : Fast Model Removal 'Datapath:t0|FilterAngle:fil0|fadder:fa5|i_m[11]'
Slack : -2.674
TNS   : -17.501

Type  : Fast Model Removal 'Datapath:t0|FilterAngle:fil0|fadder:fa4|i_m[10]'
Slack : -2.651
TNS   : -16.321

Type  : Fast Model Removal 'Datapath:t0|fadder:fa1|i_m[15]'
Slack : -2.638
TNS   : -28.642

Type  : Fast Model Removal 'Datapath:t0|fadder:fa1|i_m[11]'
Slack : -2.633
TNS   : -16.023

Type  : Fast Model Removal 'Datapath:t0|fadder:fa1|i_m[16]'
Slack : -2.597
TNS   : -30.538

Type  : Fast Model Removal 'Datapath:t0|FilterAngle:fil0|fadder:fa5|i_m[10]'
Slack : -2.546
TNS   : -14.126

Type  : Fast Model Removal 'Datapath:t0|fadder:fa1|i_m[17]'
Slack : -2.535
TNS   : -32.216

Type  : Fast Model Removal 'Datapath:t0|FilterAngle:fil0|fadder:fa0|i_m[18]'
Slack : -2.437
TNS   : -24.099

Type  : Fast Model Removal 'Datapath:t0|FilterAngle:fil0|fadder:fa5|i_m[12]'
Slack : -2.435
TNS   : -17.702

Type  : Fast Model Removal 'Datapath:t0|FilterAngle:fil0|fadder:fa2|i_m[10]'
Slack : -2.428
TNS   : -14.228

Type  : Fast Model Removal 'Datapath:t0|fadder:fa1|i_m[14]'
Slack : -2.372
TNS   : -23.288

Type  : Fast Model Removal 'Datapath:t0|FilterAngle:fil0|fadder:fa0|i_m[20]'
Slack : -2.331
TNS   : -24.923

Type  : Fast Model Removal 'Datapath:t0|fadder:fa1|i_m[12]'
Slack : -2.268
TNS   : -18.736

Type  : Fast Model Removal 'Datapath:t0|FilterAngle:fil0|fadder:fa1|i_m[21]'
Slack : -2.257
TNS   : -19.076

Type  : Fast Model Removal 'Datapath:t0|fadder:fa0|i_m[10]'
Slack : -2.224
TNS   : -14.471

Type  : Fast Model Removal 'Datapath:t0|FilterAngle:fil0|fadder:fa0|i_m[19]'
Slack : -2.213
TNS   : -22.176

Type  : Fast Model Removal 'Datapath:t0|FilterAngle:fil0|fadder:fa0|i_m[16]'
Slack : -2.077
TNS   : -18.265

Type  : Fast Model Removal 'Datapath:t0|FilterAngle:fil0|fadder:fa1|i_m[22]'
Slack : -2.072
TNS   : -16.301

Type  : Fast Model Removal 'Datapath:t0|FilterAngle:fil0|fadder:fa0|i_m[15]'
Slack : -2.049
TNS   : -17.459

Type  : Fast Model Removal 'Datapath:t0|FilterAngle:fil0|fadder:fa0|i_m[17]'
Slack : -2.047
TNS   : -18.867

Type  : Fast Model Removal 'Datapath:t0|FilterAngle:fil0|fadder:fa0|i_m[12]'
Slack : -1.914
TNS   : -11.237

Type  : Fast Model Removal 'Datapath:t0|FilterAngle:fil0|fadder:fa0|i_m[13]'
Slack : -1.900
TNS   : -11.262

Type  : Fast Model Removal 'Datapath:t0|FilterAngle:fil0|fadder:fa1|i_m[18]'
Slack : -1.864
TNS   : -13.475

Type  : Fast Model Removal 'Datapath:t0|fadder:fa1|i_m[10]'
Slack : -1.832
TNS   : -11.837

Type  : Fast Model Removal 'Datapath:t0|FilterAngle:fil0|fadder:fa0|i_m[14]'
Slack : -1.831
TNS   : -11.469

Type  : Fast Model Removal 'Datapath:t0|FilterAngle:fil0|fadder:fa3|i_m[21]'
Slack : -1.677
TNS   : -13.825

Type  : Fast Model Removal 'Datapath:t0|FilterAngle:fil0|fadder:fa1|i_m[15]'
Slack : -1.667
TNS   : -10.513

Type  : Fast Model Removal 'Datapath:t0|FilterAngle:fil0|fadder:fa3|i_m[22]'
Slack : -1.658
TNS   : -13.559

Type  : Fast Model Removal 'Datapath:t0|FilterAngle:fil0|fadder:fa1|i_m[12]'
Slack : -1.653
TNS   : -10.273

Type  : Fast Model Removal 'Datapath:t0|FilterAngle:fil0|fadder:fa0|i_m[11]'
Slack : -1.547
TNS   : -5.116

Type  : Fast Model Removal 'Datapath:t0|FilterAngle:fil0|fadder:fa3|i_m[18]'
Slack : -1.497
TNS   : -11.435

Type  : Fast Model Removal 'Datapath:t0|FilterAngle:fil0|fadder:fa0|i_m[10]'
Slack : -1.456
TNS   : -5.342

Type  : Fast Model Removal 'Datapath:t0|FilterAngle:fil0|fadder:fa3|i_m[15]'
Slack : -1.250
TNS   : -8.347

Type  : Fast Model Removal 'Datapath:t0|FilterAngle:fil0|fadder:fa3|i_m[12]'
Slack : -0.963
TNS   : -5.535

Type  : Fast Model Removal 'Datapath:t0|FilterAngle:fil0|fadder:fa1|i_m[10]'
Slack : -0.599
TNS   : -1.803

Type  : Fast Model Removal 'Datapath:t0|FilterAngle:fil0|fadder:fa3|i_m[10]'
Slack : -0.400
TNS   : -1.053

Type  : Fast Model Removal 'Datapath:t0|fadder:fa0|o_exponent[0]'
Slack : 0.191
TNS   : 0.000

Type  : Fast Model Minimum Pulse Width 'Controller:c0|X_Y_add_signal'
Slack : -4.764
TNS   : -5884.902

Type  : Fast Model Minimum Pulse Width 'angle[0]'
Slack : -3.681
TNS   : -11224.082

Type  : Fast Model Minimum Pulse Width 'Datapath:t0|i[0]'
Slack : -3.409
TNS   : -3148.830

Type  : Fast Model Minimum Pulse Width 'Datapath:t0|fadder:fa0|i_m[21]'
Slack : -1.433
TNS   : -125.946

Type  : Fast Model Minimum Pulse Width 'Datapath:t0|fadder:fa0|i_m[19]'
Slack : -1.409
TNS   : -122.634

Type  : Fast Model Minimum Pulse Width 'Datapath:t0|fadder:fa0|i_m[20]'
Slack : -1.409
TNS   : -122.634

Type  : Fast Model Minimum Pulse Width 'Datapath:t0|fadder:fa0|i_m[22]'
Slack : -1.409
TNS   : -122.634

Type  : Fast Model Minimum Pulse Width 'clk'
Slack : -1.380
TNS   : -185.380

Type  : Fast Model Minimum Pulse Width 'Datapath:t0|fadder:fa0|i_m[17]'
Slack : -1.289
TNS   : -105.936

Type  : Fast Model Minimum Pulse Width 'Datapath:t0|FilterAngle:fil0|fadder:fa4|i_m[21]'
Slack : -0.935
TNS   : -65.824

Type  : Fast Model Minimum Pulse Width 'Datapath:t0|FilterAngle:fil0|fadder:fa4|i_m[19]'
Slack : -0.935
TNS   : -64.584

Type  : Fast Model Minimum Pulse Width 'Datapath:t0|FilterAngle:fil0|fadder:fa4|i_m[22]'
Slack : -0.935
TNS   : -60.744

Type  : Fast Model Minimum Pulse Width 'Datapath:t0|fadder:fa0|i_m[16]'
Slack : -0.885
TNS   : -59.712

Type  : Fast Model Minimum Pulse Width 'Datapath:t0|FilterAngle:fil0|fadder:fa0|i_m[16]'
Slack : -0.841
TNS   : -30.262

Type  : Fast Model Minimum Pulse Width 'Datapath:t0|FilterAngle:fil0|fadder:fa2|i_m[16]'
Slack : -0.813
TNS   : -51.510

Type  : Fast Model Minimum Pulse Width 'Datapath:t0|FilterAngle:fil0|fadder:fa2|i_m[19]'
Slack : -0.813
TNS   : -51.510

Type  : Fast Model Minimum Pulse Width 'Datapath:t0|FilterAngle:fil0|fadder:fa2|i_m[21]'
Slack : -0.813
TNS   : -51.510

Type  : Fast Model Minimum Pulse Width 'Datapath:t0|FilterAngle:fil0|fadder:fa2|i_m[22]'
Slack : -0.813
TNS   : -51.510

Type  : Fast Model Minimum Pulse Width 'Datapath:t0|FilterAngle:fil0|fadder:fa4|i_m[16]'
Slack : -0.790
TNS   : -45.970

Type  : Fast Model Minimum Pulse Width 'Datapath:t0|FilterAngle:fil0|fadder:fa4|i_m[13]'
Slack : -0.773
TNS   : -44.842

Type  : Fast Model Minimum Pulse Width 'Datapath:t0|FilterAngle:fil0|fadder:fa2|i_m[12]'
Slack : -0.767
TNS   : -47.522

Type  : Fast Model Minimum Pulse Width 'Datapath:t0|FilterAngle:fil0|fadder:fa0|i_m[17]'
Slack : -0.765
TNS   : -23.606

Type  : Fast Model Minimum Pulse Width 'Datapath:t0|FilterAngle:fil0|fadder:fa5|i_m[21]'
Slack : -0.696
TNS   : -69.862

Type  : Fast Model Minimum Pulse Width 'Datapath:t0|FilterAngle:fil0|fadder:fa5|i_m[22]'
Slack : -0.651
TNS   : -64.012

Type  : Fast Model Minimum Pulse Width 'Datapath:t0|FilterAngle:fil0|fadder:fa2|i_m[13]'
Slack : -0.649
TNS   : -38.136

Type  : Fast Model Minimum Pulse Width 'Datapath:t0|FilterAngle:fil0|fadder:fa4|i_m[12]'
Slack : -0.644
TNS   : -36.328

Type  : Fast Model Minimum Pulse Width 'Datapath:t0|FilterAngle:fil0|fadder:fa0|i_m[18]'
Slack : -0.589
TNS   : -12.824

Type  : Fast Model Minimum Pulse Width 'Datapath:t0|FilterAngle:fil0|fadder:fa0|i_m[19]'
Slack : -0.589
TNS   : -12.824

Type  : Fast Model Minimum Pulse Width 'Datapath:t0|FilterAngle:fil0|fadder:fa0|i_m[20]'
Slack : -0.589
TNS   : -12.824

Type  : Fast Model Minimum Pulse Width 'Datapath:t0|FilterAngle:fil0|fadder:fa0|i_m[21]'
Slack : -0.589
TNS   : -12.824

Type  : Fast Model Minimum Pulse Width 'Datapath:t0|FilterAngle:fil0|fadder:fa0|i_m[22]'
Slack : -0.589
TNS   : -12.824

Type  : Fast Model Minimum Pulse Width 'Datapath:t0|FilterAngle:fil0|fadder:fa0|i_m[15]'
Slack : -0.589
TNS   : -11.258

Type  : Fast Model Minimum Pulse Width 'Datapath:t0|FilterAngle:fil0|fadder:fa4|i_m[11]'
Slack : -0.562
TNS   : -30.916

Type  : Fast Model Minimum Pulse Width 'Datapath:t0|FilterAngle:fil0|fadder:fa5|i_m[19]'
Slack : -0.531
TNS   : -48.412

Type  : Fast Model Minimum Pulse Width 'Datapath:t0|fadder:fa0|i_m[13]'
Slack : -0.485
TNS   : -28.130

Type  : Fast Model Minimum Pulse Width 'Datapath:t0|FilterAngle:fil0|fadder:fa3|i_m[18]'
Slack : -0.467
TNS   : -10.260

Type  : Fast Model Minimum Pulse Width 'Datapath:t0|FilterAngle:fil0|fadder:fa3|i_m[21]'
Slack : -0.467
TNS   : -10.260

Type  : Fast Model Minimum Pulse Width 'Datapath:t0|FilterAngle:fil0|fadder:fa3|i_m[22]'
Slack : -0.467
TNS   : -10.260

Type  : Fast Model Minimum Pulse Width 'Datapath:t0|FilterAngle:fil0|fadder:fa3|i_m[15]'
Slack : -0.467
TNS   : -9.546

Type  : Fast Model Minimum Pulse Width 'Datapath:t0|fadder:fa0|i_m[10]'
Slack : -0.452
TNS   : -26.216

Type  : Fast Model Minimum Pulse Width 'Datapath:t0|fadder:fa0|i_m[12]'
Slack : -0.436
TNS   : -25.288

Type  : Fast Model Minimum Pulse Width 'Datapath:t0|FilterAngle:fil0|fadder:fa4|i_m[10]'
Slack : -0.405
TNS   : -20.800

Type  : Fast Model Minimum Pulse Width 'Datapath:t0|FilterAngle:fil0|fadder:fa2|i_m[11]'
Slack : -0.378
TNS   : -19.668

Type  : Fast Model Minimum Pulse Width 'Datapath:t0|FilterAngle:fil0|fadder:fa1|i_m[18]'
Slack : -0.349
TNS   : -30.572

Type  : Fast Model Minimum Pulse Width 'Datapath:t0|FilterAngle:fil0|fadder:fa1|i_m[21]'
Slack : -0.349
TNS   : -30.572

Type  : Fast Model Minimum Pulse Width 'Datapath:t0|FilterAngle:fil0|fadder:fa1|i_m[22]'
Slack : -0.349
TNS   : -30.572

Type  : Fast Model Minimum Pulse Width 'Datapath:t0|FilterAngle:fil0|fadder:fa2|i_m[10]'
Slack : -0.338
TNS   : -17.028

Type  : Fast Model Minimum Pulse Width 'Datapath:t0|FilterAngle:fil0|fadder:fa1|i_m[15]'
Slack : -0.290
TNS   : -24.318

Type  : Fast Model Minimum Pulse Width 'Datapath:t0|FilterAngle:fil0|fadder:fa0|i_m[10]'
Slack : -0.281
TNS   : -5.504

Type  : Fast Model Minimum Pulse Width 'Datapath:t0|FilterAngle:fil0|fadder:fa0|i_m[14]'
Slack : -0.281
TNS   : -5.500

Type  : Fast Model Minimum Pulse Width 'Datapath:t0|FilterAngle:fil0|fadder:fa0|i_m[13]'
Slack : -0.281
TNS   : -5.026

Type  : Fast Model Minimum Pulse Width 'Datapath:t0|FilterAngle:fil0|fadder:fa0|i_m[12]'
Slack : -0.281
TNS   : -3.940

Type  : Fast Model Minimum Pulse Width 'Datapath:t0|FilterAngle:fil0|fadder:fa0|i_m[11]'
Slack : -0.281
TNS   : -1.686

Type  : Fast Model Minimum Pulse Width 'Datapath:t0|FilterAngle:fil0|fadder:fa3|i_m[12]'
Slack : -0.241
TNS   : -2.578

Type  : Fast Model Minimum Pulse Width 'Datapath:t0|fadder:fa1|i_m[11]'
Slack : -0.180
TNS   : -3.356

Type  : Fast Model Minimum Pulse Width 'Datapath:t0|fadder:fa1|i_m[14]'
Slack : -0.165
TNS   : -2.954

Type  : Fast Model Minimum Pulse Width 'Datapath:t0|fadder:fa1|i_m[18]'
Slack : -0.161
TNS   : -5.240

Type  : Fast Model Minimum Pulse Width 'Datapath:t0|fadder:fa1|i_m[21]'
Slack : -0.161
TNS   : -5.240

Type  : Fast Model Minimum Pulse Width 'Datapath:t0|fadder:fa1|i_m[22]'
Slack : -0.161
TNS   : -5.240

Type  : Fast Model Minimum Pulse Width 'Datapath:t0|fadder:fa1|i_m[15]'
Slack : -0.161
TNS   : -2.824

Type  : Fast Model Minimum Pulse Width 'Datapath:t0|fadder:fa1|i_m[16]'
Slack : -0.161
TNS   : -2.824

Type  : Fast Model Minimum Pulse Width 'Datapath:t0|fadder:fa1|i_m[17]'
Slack : -0.161
TNS   : -2.824

Type  : Fast Model Minimum Pulse Width 'Datapath:t0|FilterAngle:fil0|fadder:fa3|i_m[10]'
Slack : -0.156
TNS   : -1.008

Type  : Fast Model Minimum Pulse Width 'Datapath:t0|fadder:fa1|i_m[12]'
Slack : -0.101
TNS   : -1.584

Type  : Fast Model Minimum Pulse Width 'Datapath:t0|FilterAngle:fil0|fadder:fa5|i_m[16]'
Slack : -0.075
TNS   : -4.950

Type  : Fast Model Minimum Pulse Width 'Datapath:t0|fadder:fa1|i_m[10]'
Slack : -0.054
TNS   : -3.030

Type  : Fast Model Minimum Pulse Width 'Datapath:t0|FilterAngle:fil0|fadder:fa5|i_m[10]'
Slack : -0.044
TNS   : -0.264

Type  : Fast Model Minimum Pulse Width 'Datapath:t0|FilterAngle:fil0|fadder:fa5|i_m[11]'
Slack : -0.044
TNS   : -0.264

Type  : Fast Model Minimum Pulse Width 'Datapath:t0|FilterAngle:fil0|fadder:fa5|i_m[12]'
Slack : -0.044
TNS   : -0.264

Type  : Fast Model Minimum Pulse Width 'Datapath:t0|FilterAngle:fil0|fadder:fa5|i_m[13]'
Slack : -0.044
TNS   : -0.264

Type  : Fast Model Minimum Pulse Width 'Datapath:t0|FilterAngle:fil0|fadder:fa1|i_m[12]'
Slack : 0.012
TNS   : 0.000

Type  : Fast Model Minimum Pulse Width 'Datapath:t0|FilterAngle:fil0|fadder:fa1|i_m[10]'
Slack : 0.029
TNS   : 0.000

Type  : Fast Model Minimum Pulse Width 'Datapath:t0|fadder:fa0|o_exponent[0]'
Slack : 0.500
TNS   : 0.000

------------------------------------------------------------
